
Note: No compatibility mode selected!


Circuit: * voz-9 — 01_osc.cir

Doing analysis at TEMP = 27.000000 and TNOM = 27.000000

Using SPARSE 1.3 as Direct Linear Solver
Operating point simulation skipped by 'uic',
  now using transient initial conditions.
Warning: singular matrix:  check node j2_6

Warning: singular matrix:  check node j2_6

Warning: singular matrix:  check node j2_6

Warning: singular matrix:  check node j2_6

Warning: singular matrix:  check node j2_6

Warning: singular matrix:  check node j2_6


No. of Data Rows : 0
doAnalyses: TRAN:  Timestep too small; initial timepoint: cause unrecorded.


tran simulation(s) aborted
--- OSC A / B snapshots ---
Warning from checkvalid: vector out_a is not available or has zero length.
Error: scale vector time, frequency or dc has no data.
ta1                 =  0.00000e+00
Error: scale vector time, frequency or dc has no data.
ta2                 =  0.00000e+00
Error: scale vector time, frequency or dc has no data.
tb1                 =  0.00000e+00
Error: scale vector time, frequency or dc has no data.
tb2                 =  0.00000e+00
OSC_DONE
ngspice-47 done
