
Note: No compatibility mode selected!


Circuit: * voz-9 — 04_shape.cir

Doing analysis at TEMP = 27.000000 and TNOM = 27.000000

Using SPARSE 1.3 as Direct Linear Solver
Warning: singular matrix:  check node j2_4

Note: Starting dynamic gmin stepping
Warning: singular matrix:  check node j2_4

Warning: Dynamic gmin stepping failed
Note: Starting true gmin stepping
Warning: singular matrix:  check node j2_9

Warning: singular matrix:  check node j2_9

Warning: singular matrix:  check node j2_9

Warning: singular matrix:  check node j2_9

Warning: True gmin stepping failed
Note: Starting source stepping
Warning: source stepping failed
Note: Transient op started
Note: Transient op finished successfully

Initial Transient Solution
--------------------------

Node                                   Voltage
----                                   -------
sw_osc_a_c                                   1
sw_osc_b_c                                   1
sw_drone_c                                   1
sw_trem_c                                    1
sw_mode_p_c                                  0
sw_mode_t_c                                  0
sw_h1_c                                      1
sw_h2_c                                      1
sw_h3_c                                      1
sw_stack_c                                   0
sw_gate_c                                    0
jack_a_c                                     0
jack_b_c                                     0
jack_in_c                                    0
jack_filt_c                                  0
jack_fcv_c                                   0
jack_vcv_c                                   0
jack_lfo_c                                   0
jack_ecv_c                                   0
jack_clk_c                                   0
jack_send_c                                  0
jack_rcv_c                                   0
j1_1                                         0
pitch_a_w                                    0
j1_2                                         0
j1_3                                         0
pitch_b_w                                    0
j1_4                                         0
j1_5                                         0
j1_6                                         0
j1_7                                         0
j1_8                                     4.496
j1_9                                   4.37608
j1_10                                  4.37605
j1_11                                        0
j1_12                                        0
j1_13                                        0
j1_14                                        0
j1_15                                        0
j1_16                                        0
j1_17                                        0
j1_18                                        0
j1_19                                        0
j1_20                                        0
j2_1                                         0
j2_2                                         0
j2_3                                         0
j2_4                                         0
j2_5                                         0
j2_6                                         0
j2_7                                         0
j2_8                                         0
j2_9                                         0
xtrem.ninv                         1.00009e-12
j2_10                                        0
j2_11                                        0
j2_12                                        0
j3_1                                         0
j3_2                                         0
j3_3                                         0
j3_4                                         0
j3_5                                         0
j3_6                                         0
j3_7                                         0
j3_8                                         0
j3_9                                         0
j3_10                                        0
j3_11                                        0
j3_12                                        0
j3_13                                        0
j3_14                                        0
j3_15                                        0
j3_16                                        0
j3_17                                        0
j3_18                                        0
j3_19                                        0
j3_20                                        0
xja.ninv                                     1
j4_1                                         0
j4_2                                         0
xjb.ninv                                     1
j4_4                                         0
j4_5                                         0
xjin.ninv                                    1
j4_7                                         0
j4_8                                         0
xjf.ninv                                     1
j4_10                                        0
j4_11                                        0
xjfc.ninv                                    1
j4_13                                        0
j4_14                                        0
xjvc.ninv                                    1
j4_16                                        0
j4_17                                        0
j4_19                                        0
j4_20                                        0
xjlfo.ninv                                   1
j5_1                                         0
j5_2                                         0
xjecv.ninv                                   1
j5_4                                         0
j5_5                                         0
xjclk.ninv                                   1
j5_7                                         0
j5_8                                         0
xjsnd.ninv                                   1
j5_10                                        0
j5_11                                        0
xjrcv.ninv                                   1
j5_13                                        0
j5_14                                        0
j5_16                                        0
j6_5                                         0
j6_6                                         0
j6_3                                         0
j6_4                                         0
j7_6                                         0
j8_6                                         0
v9                                           9
v5                                           5
vee                                         -9
4v5                                0.000191485
1v8                                8.70385e-05
sig                                        4.5
clip                                  0.379015
filt                                  0.378636
b.xjrcv.binv#branch                          0
b.xjsnd.binv#branch                          0
b.xjclk.binv#branch                          0
b.xjecv.binv#branch                          0
b.xjlfo.binv#branch                          0
b.xjvc.binv#branch                           0
b.xjfc.binv#branch                           0
b.xjf.binv#branch                            0
b.xjin.binv#branch                           0
b.xjb.binv#branch                            0
b.xja.binv#branch                            0
b.xtrem.binv#branch                          0
vin#branch                         -0.00039975
v.xrails.vneg#branch                         0
v.xrails.vreg#branch                -0.0749625
v.xrails.vrail#branch              -0.00130907
v_jack_rcv#branch                            0
v_jack_send#branch                           0
v_jack_clk#branch                            0
v_jack_ecv#branch                            0
v_jack_lfo#branch                            0
v_jack_vcv#branch                            0
v_jack_fcv#branch                            0
v_jack_filt#branch                           0
v_jack_in#branch                             0
v_jack_b#branch                              0
v_jack_a#branch                              0
v_sw_gate#branch                             0
v_sw_stack#branch                            0
v_sw_h3#branch                               0
v_sw_h2#branch                               0
v_sw_h1#branch                               0
v_sw_mode_t#branch                           0
v_sw_mode_p#branch                           0
v_sw_trem#branch                             0
v_sw_drone#branch                            0
v_sw_osc_b#branch                            0
v_sw_osc_a#branch                            0


No. of Data Rows : 508
                            * voz-9 — 04_shape.cir
                            Transient Analysis  Sun Sep 13 13:18:13  2026
--------------------------------------------------------------------------------
Index   time            v(sig)          v(clip)         v(filt)         
--------------------------------------------------------------------------------
0	0.000000e+00	4.500000e+00	3.790148e-01	3.786360e-01	
1	1.000000e-07	4.501257e+00	3.790105e-01	3.786280e-01	
2	2.000000e-07	4.502513e+00	3.790272e-01	3.786409e-01	
3	4.000000e-07	4.505027e+00	3.790606e-01	3.786667e-01	
4	8.000000e-07	4.510053e+00	3.791273e-01	3.787182e-01	
5	1.600000e-06	4.520106e+00	3.792605e-01	3.788211e-01	
6	3.200000e-06	4.540210e+00	3.795261e-01	3.790261e-01	
7	6.400000e-06	4.580403e+00	3.800537e-01	3.794323e-01	
8	1.280000e-05	4.660676e+00	3.810944e-01	3.802299e-01	
9	2.280000e-05	4.785534e+00	3.826798e-01	3.814345e-01	
10	3.280000e-05	4.909265e+00	3.842128e-01	3.825855e-01	
11	4.280000e-05	5.031381e+00	3.856906e-01	3.836801e-01	
12	5.280000e-05	5.151400e+00	3.871106e-01	3.847160e-01	
13	6.280000e-05	5.268848e+00	3.884708e-01	3.856909e-01	
14	7.280000e-05	5.383262e+00	3.897690e-01	3.866030e-01	
15	8.280000e-05	5.494190e+00	3.910035e-01	3.874505e-01	
16	9.280000e-05	5.601195e+00	3.921728e-01	3.882320e-01	
17	1.028000e-04	5.703853e+00	3.932756e-01	3.889461e-01	
18	1.128000e-04	5.801760e+00	3.943105e-01	3.895918e-01	
19	1.228000e-04	5.894530e+00	3.952766e-01	3.901680e-01	
20	1.328000e-04	5.981797e+00	3.961729e-01	3.906738e-01	
21	1.428000e-04	6.063215e+00	3.969985e-01	3.911086e-01	
22	1.528000e-04	6.138464e+00	3.977527e-01	3.914715e-01	
23	1.628000e-04	6.207247e+00	3.984349e-01	3.917621e-01	
24	1.728000e-04	6.269292e+00	3.990445e-01	3.919798e-01	
25	1.828000e-04	6.324355e+00	3.995810e-01	3.921243e-01	
26	1.928000e-04	6.372217e+00	4.000441e-01	3.921952e-01	
27	2.028000e-04	6.412691e+00	4.004332e-01	3.921921e-01	
28	2.128000e-04	6.445616e+00	4.007483e-01	3.921150e-01	
29	2.228000e-04	6.470863e+00	4.009890e-01	3.919637e-01	
30	2.328000e-04	6.488332e+00	4.011552e-01	3.917380e-01	
31	2.428000e-04	6.497954e+00	4.012467e-01	3.914380e-01	
32	2.528000e-04	6.499690e+00	4.012635e-01	3.910635e-01	
33	2.628000e-04	6.493535e+00	4.012056e-01	3.906148e-01	
34	2.728000e-04	6.479513e+00	4.010730e-01	3.900919e-01	
35	2.828000e-04	6.457678e+00	4.008659e-01	3.894949e-01	
36	2.928000e-04	6.428117e+00	4.005843e-01	3.888242e-01	
37	3.028000e-04	6.390946e+00	4.002285e-01	3.880799e-01	
38	3.128000e-04	6.346313e+00	3.997987e-01	3.872625e-01	
39	3.228000e-04	6.294393e+00	3.992953e-01	3.863723e-01	
40	3.328000e-04	6.235392e+00	3.987187e-01	3.854097e-01	
41	3.428000e-04	6.169542e+00	3.980692e-01	3.843754e-01	
42	3.528000e-04	6.097103e+00	3.973475e-01	3.832698e-01	
43	3.628000e-04	6.018361e+00	3.965541e-01	3.820937e-01	
44	3.728000e-04	5.933627e+00	3.956897e-01	3.808479e-01	
45	3.828000e-04	5.843234e+00	3.947552e-01	3.795332e-01	
46	3.928000e-04	5.747541e+00	3.937515e-01	3.781506e-01	
47	4.028000e-04	5.646924e+00	3.926795e-01	3.767012e-01	
48	4.128000e-04	5.541781e+00	3.915404e-01	3.751861e-01	
49	4.228000e-04	5.432526e+00	3.903355e-01	3.736069e-01	
50	4.328000e-04	5.319591e+00	3.890663e-01	3.719649e-01	
51	4.428000e-04	5.203422e+00	3.877344e-01	3.702619e-01	
52	4.528000e-04	5.084476e+00	3.863418e-01	3.684999e-01	
53	4.628000e-04	4.963224e+00	3.848905e-01	3.666810e-01	
54	4.728000e-04	4.840144e+00	3.833829e-01	3.648077e-01	

Index   time            v(sig)          v(clip)         v(filt)         
--------------------------------------------------------------------------------
55	4.828000e-04	4.715721e+00	3.818217e-01	3.628827e-01	
56	4.928000e-04	4.590447e+00	3.802100e-01	3.609090e-01	
57	5.028000e-04	4.464816e+00	3.785511e-01	3.588903e-01	
58	5.128000e-04	4.339324e+00	3.768490e-01	3.568302e-01	
59	5.228000e-04	4.214466e+00	3.751079e-01	3.547334e-01	
60	5.328000e-04	4.090735e+00	3.733327e-01	3.526045e-01	
61	5.428000e-04	3.968619e+00	3.715289e-01	3.504492e-01	
62	5.528000e-04	3.848600e+00	3.697027e-01	3.482736e-01	
63	5.628000e-04	3.731152e+00	3.678607e-01	3.460845e-01	
64	5.728000e-04	3.616738e+00	3.660106e-01	3.438894e-01	
65	5.828000e-04	3.505810e+00	3.641608e-01	3.416968e-01	
66	5.928000e-04	3.398805e+00	3.623205e-01	3.395158e-01	
67	6.028000e-04	3.296147e+00	3.604997e-01	3.373566e-01	
68	6.128000e-04	3.198240e+00	3.587093e-01	3.352299e-01	
69	6.228000e-04	3.105470e+00	3.569611e-01	3.331475e-01	
70	6.328000e-04	3.018203e+00	3.552677e-01	3.311220e-01	
71	6.428000e-04	2.936785e+00	3.536422e-01	3.291664e-01	
72	6.528000e-04	2.861536e+00	3.520984e-01	3.272944e-01	
73	6.628000e-04	2.792753e+00	3.506505e-01	3.255200e-01	
74	6.728000e-04	2.730708e+00	3.493126e-01	3.238574e-01	
75	6.828000e-04	2.675645e+00	3.480987e-01	3.223205e-01	
76	6.928000e-04	2.627783e+00	3.470225e-01	3.209226e-01	
77	7.028000e-04	2.587309e+00	3.460964e-01	3.196763e-01	
78	7.128000e-04	2.554384e+00	3.453321e-01	3.185928e-01	
79	7.228000e-04	2.529137e+00	3.447391e-01	3.176817e-01	
80	7.328000e-04	2.511668e+00	3.443255e-01	3.169507e-01	
81	7.428000e-04	2.502046e+00	3.440967e-01	3.164052e-01	
82	7.528000e-04	2.500310e+00	3.440559e-01	3.160483e-01	
83	7.628000e-04	2.506465e+00	3.442038e-01	3.158801e-01	
84	7.728000e-04	2.520487e+00	3.445382e-01	3.158987e-01	
85	7.828000e-04	2.542322e+00	3.450546e-01	3.160991e-01	
86	7.928000e-04	2.571883e+00	3.457461e-01	3.164743e-01	
87	8.028000e-04	2.609054e+00	3.466037e-01	3.170152e-01	
88	8.128000e-04	2.653687e+00	3.476167e-01	3.177108e-01	
89	8.228000e-04	2.705607e+00	3.487729e-01	3.185489e-01	
90	8.328000e-04	2.764608e+00	3.500591e-01	3.195161e-01	
91	8.428000e-04	2.830458e+00	3.514615e-01	3.205984e-01	
92	8.528000e-04	2.902897e+00	3.529659e-01	3.217816e-01	
93	8.628000e-04	2.981639e+00	3.545581e-01	3.230514e-01	
94	8.728000e-04	3.066373e+00	3.562242e-01	3.243937e-01	
95	8.828000e-04	3.156766e+00	3.579507e-01	3.257951e-01	
96	8.928000e-04	3.252459e+00	3.597247e-01	3.272426e-01	
97	9.028000e-04	3.353076e+00	3.615342e-01	3.287242e-01	
98	9.128000e-04	3.458219e+00	3.633679e-01	3.302284e-01	
99	9.228000e-04	3.567474e+00	3.652153e-01	3.317448e-01	
100	9.328000e-04	3.680409e+00	3.670669e-01	3.332639e-01	
101	9.428000e-04	3.796578e+00	3.689139e-01	3.347769e-01	
102	9.528000e-04	3.915524e+00	3.707485e-01	3.362759e-01	
103	9.628000e-04	4.036776e+00	3.725634e-01	3.377538e-01	
104	9.728000e-04	4.159856e+00	3.743522e-01	3.392042e-01	
105	9.828000e-04	4.284279e+00	3.761094e-01	3.406214e-01	
106	9.928000e-04	4.409553e+00	3.778296e-01	3.420003e-01	
107	1.002800e-03	4.535184e+00	3.795084e-01	3.433364e-01	
108	1.012800e-03	4.660676e+00	3.811416e-01	3.446257e-01	
109	1.022800e-03	4.785534e+00	3.827258e-01	3.458646e-01	
110	1.032800e-03	4.909265e+00	3.842577e-01	3.470500e-01	
111	1.042800e-03	5.031381e+00	3.857344e-01	3.481791e-01	
112	1.052800e-03	5.151400e+00	3.871535e-01	3.492495e-01	

Index   time            v(sig)          v(clip)         v(filt)         
--------------------------------------------------------------------------------
113	1.062800e-03	5.268848e+00	3.885126e-01	3.502589e-01	
114	1.072800e-03	5.383262e+00	3.898100e-01	3.512055e-01	
115	1.082800e-03	5.494190e+00	3.910437e-01	3.520876e-01	
116	1.092800e-03	5.601195e+00	3.922123e-01	3.529037e-01	
117	1.102800e-03	5.703853e+00	3.933143e-01	3.536525e-01	
118	1.112800e-03	5.801760e+00	3.943487e-01	3.543328e-01	
119	1.122800e-03	5.894530e+00	3.953142e-01	3.549436e-01	
120	1.132800e-03	5.981797e+00	3.962099e-01	3.554842e-01	
121	1.142800e-03	6.063215e+00	3.970350e-01	3.559536e-01	
122	1.152800e-03	6.138464e+00	3.977888e-01	3.563512e-01	
123	1.162800e-03	6.207247e+00	3.984706e-01	3.566765e-01	
124	1.172800e-03	6.269292e+00	3.990799e-01	3.569289e-01	
125	1.182800e-03	6.324355e+00	3.996161e-01	3.571081e-01	
126	1.192800e-03	6.372217e+00	4.000788e-01	3.572137e-01	
127	1.202800e-03	6.412691e+00	4.004678e-01	3.572455e-01	
128	1.212800e-03	6.445616e+00	4.007826e-01	3.572031e-01	
129	1.222800e-03	6.470863e+00	4.010232e-01	3.570865e-01	
130	1.232800e-03	6.488332e+00	4.011892e-01	3.568956e-01	
131	1.242800e-03	6.497954e+00	4.012807e-01	3.566302e-01	
132	1.252800e-03	6.499690e+00	4.012975e-01	3.562906e-01	
133	1.262800e-03	6.493535e+00	4.012396e-01	3.558766e-01	
134	1.272800e-03	6.479513e+00	4.011070e-01	3.553884e-01	
135	1.282800e-03	6.457678e+00	4.008999e-01	3.548262e-01	
136	1.292800e-03	6.428117e+00	4.006185e-01	3.541902e-01	
137	1.302800e-03	6.390946e+00	4.002628e-01	3.534807e-01	
138	1.312800e-03	6.346313e+00	3.998332e-01	3.526980e-01	
139	1.322800e-03	6.294393e+00	3.993300e-01	3.518426e-01	
140	1.332800e-03	6.235392e+00	3.987536e-01	3.509148e-01	
141	1.342800e-03	6.169542e+00	3.981045e-01	3.499152e-01	
142	1.352800e-03	6.097103e+00	3.973831e-01	3.488445e-01	
143	1.362800e-03	6.018361e+00	3.965901e-01	3.477032e-01	
144	1.372800e-03	5.933627e+00	3.957262e-01	3.464922e-01	
145	1.382800e-03	5.843234e+00	3.947921e-01	3.452123e-01	
146	1.392800e-03	5.747541e+00	3.937889e-01	3.438645e-01	
147	1.402800e-03	5.646924e+00	3.927174e-01	3.424499e-01	
148	1.412800e-03	5.541781e+00	3.915790e-01	3.409697e-01	
149	1.422800e-03	5.432526e+00	3.903748e-01	3.394253e-01	
150	1.432800e-03	5.319591e+00	3.891063e-01	3.378182e-01	
151	1.442800e-03	5.203422e+00	3.877752e-01	3.361502e-01	
152	1.452800e-03	5.084476e+00	3.863834e-01	3.344231e-01	
153	1.462800e-03	4.963224e+00	3.849330e-01	3.326392e-01	
154	1.472800e-03	4.840144e+00	3.834264e-01	3.308009e-01	
155	1.482800e-03	4.715721e+00	3.818663e-01	3.289109e-01	
156	1.492800e-03	4.590447e+00	3.802557e-01	3.269723e-01	
157	1.502800e-03	4.464816e+00	3.785980e-01	3.249886e-01	
158	1.512800e-03	4.339324e+00	3.768971e-01	3.229637e-01	
159	1.522800e-03	4.214466e+00	3.751573e-01	3.209020e-01	
160	1.532800e-03	4.090735e+00	3.733835e-01	3.188084e-01	
161	1.542800e-03	3.968619e+00	3.715812e-01	3.166883e-01	
162	1.552800e-03	3.848600e+00	3.697565e-01	3.145480e-01	
163	1.562800e-03	3.731152e+00	3.679161e-01	3.123942e-01	
164	1.572800e-03	3.616738e+00	3.660677e-01	3.102344e-01	
165	1.582800e-03	3.505810e+00	3.642196e-01	3.080772e-01	
166	1.592800e-03	3.398805e+00	3.623811e-01	3.059316e-01	
167	1.602800e-03	3.296147e+00	3.605621e-01	3.038078e-01	
168	1.612800e-03	3.198240e+00	3.587735e-01	3.017165e-01	
169	1.622800e-03	3.105470e+00	3.570272e-01	2.996695e-01	
170	1.632800e-03	3.018203e+00	3.553357e-01	2.976793e-01	

Index   time            v(sig)          v(clip)         v(filt)         
--------------------------------------------------------------------------------
171	1.642800e-03	2.936785e+00	3.537121e-01	2.957589e-01	
172	1.652800e-03	2.861536e+00	3.521701e-01	2.939221e-01	
173	1.662800e-03	2.792753e+00	3.507239e-01	2.921829e-01	
174	1.672800e-03	2.730708e+00	3.493877e-01	2.905552e-01	
175	1.682800e-03	2.675645e+00	3.481753e-01	2.890531e-01	
176	1.692800e-03	2.627783e+00	3.471004e-01	2.876898e-01	
177	1.702800e-03	2.587309e+00	3.461756e-01	2.864779e-01	
178	1.712800e-03	2.554384e+00	3.454122e-01	2.854286e-01	
179	1.722800e-03	2.529137e+00	3.448200e-01	2.845514e-01	
180	1.732800e-03	2.511668e+00	3.444068e-01	2.838540e-01	
181	1.742800e-03	2.502046e+00	3.441783e-01	2.833419e-01	
182	1.752800e-03	2.500310e+00	3.441375e-01	2.830179e-01	
183	1.762800e-03	2.506465e+00	3.442851e-01	2.828826e-01	
184	1.772800e-03	2.520487e+00	3.446189e-01	2.829335e-01	
185	1.782800e-03	2.542322e+00	3.451346e-01	2.831660e-01	
186	1.792800e-03	2.571883e+00	3.458250e-01	2.835732e-01	
187	1.802800e-03	2.609054e+00	3.466814e-01	2.841457e-01	
188	1.812800e-03	2.653687e+00	3.476930e-01	2.848727e-01	
189	1.822800e-03	2.705607e+00	3.488476e-01	2.857420e-01	
190	1.832800e-03	2.764608e+00	3.501321e-01	2.867403e-01	
191	1.842800e-03	2.830458e+00	3.515326e-01	2.878536e-01	
192	1.852800e-03	2.902897e+00	3.530351e-01	2.890676e-01	
193	1.862800e-03	2.981639e+00	3.546254e-01	2.903681e-01	
194	1.872800e-03	3.066373e+00	3.562895e-01	2.917412e-01	
195	1.882800e-03	3.156766e+00	3.580140e-01	2.931733e-01	
196	1.892800e-03	3.252459e+00	3.597861e-01	2.946515e-01	
197	1.902800e-03	3.353076e+00	3.615938e-01	2.961637e-01	
198	1.912800e-03	3.458219e+00	3.634256e-01	2.976985e-01	
199	1.922800e-03	3.567474e+00	3.652712e-01	2.992457e-01	
200	1.932800e-03	3.680409e+00	3.671210e-01	3.007955e-01	
201	1.942800e-03	3.796578e+00	3.689663e-01	3.023393e-01	
202	1.952800e-03	3.915524e+00	3.707993e-01	3.038691e-01	
203	1.962800e-03	4.036776e+00	3.726126e-01	3.053778e-01	
204	1.972800e-03	4.159856e+00	3.744000e-01	3.068591e-01	
205	1.982800e-03	4.284279e+00	3.761558e-01	3.083073e-01	
206	1.992800e-03	4.409553e+00	3.778747e-01	3.097172e-01	
207	2.002800e-03	4.535184e+00	3.795522e-01	3.110843e-01	
208	2.012800e-03	4.660676e+00	3.811844e-01	3.124047e-01	
209	2.022800e-03	4.785534e+00	3.827674e-01	3.136747e-01	
210	2.032800e-03	4.909265e+00	3.842983e-01	3.148913e-01	
211	2.042800e-03	5.031381e+00	3.857740e-01	3.160515e-01	
212	2.052800e-03	5.151400e+00	3.871922e-01	3.171531e-01	
213	2.062800e-03	5.268848e+00	3.885505e-01	3.181938e-01	
214	2.072800e-03	5.383262e+00	3.898471e-01	3.191716e-01	
215	2.082800e-03	5.494190e+00	3.910801e-01	3.200850e-01	
216	2.092800e-03	5.601195e+00	3.922480e-01	3.209324e-01	
217	2.102800e-03	5.703853e+00	3.933494e-01	3.217125e-01	
218	2.112800e-03	5.801760e+00	3.943832e-01	3.224242e-01	
219	2.122800e-03	5.894530e+00	3.953481e-01	3.230664e-01	
220	2.132800e-03	5.981797e+00	3.962434e-01	3.236383e-01	
221	2.142800e-03	6.063215e+00	3.970681e-01	3.241391e-01	
222	2.152800e-03	6.138464e+00	3.978215e-01	3.245682e-01	
223	2.162800e-03	6.207247e+00	3.985029e-01	3.249249e-01	
224	2.172800e-03	6.269292e+00	3.991118e-01	3.252087e-01	
225	2.182800e-03	6.324355e+00	3.996478e-01	3.254193e-01	
226	2.192800e-03	6.372217e+00	4.001103e-01	3.255564e-01	
227	2.202800e-03	6.412691e+00	4.004990e-01	3.256195e-01	
228	2.212800e-03	6.445616e+00	4.008137e-01	3.256086e-01	

Index   time            v(sig)          v(clip)         v(filt)         
--------------------------------------------------------------------------------
229	2.222800e-03	6.470863e+00	4.010541e-01	3.255234e-01	
230	2.232800e-03	6.488332e+00	4.012201e-01	3.253639e-01	
231	2.242800e-03	6.497954e+00	4.013114e-01	3.251301e-01	
232	2.252800e-03	6.499690e+00	4.013282e-01	3.248218e-01	
233	2.262800e-03	6.493535e+00	4.012703e-01	3.244393e-01	
234	2.272800e-03	6.479513e+00	4.011378e-01	3.239826e-01	
235	2.282800e-03	6.457678e+00	4.009307e-01	3.234518e-01	
236	2.292800e-03	6.428117e+00	4.006494e-01	3.228473e-01	
237	2.302800e-03	6.390946e+00	4.002938e-01	3.221693e-01	
238	2.312800e-03	6.346313e+00	3.998644e-01	3.214180e-01	
239	2.322800e-03	6.294393e+00	3.993614e-01	3.205940e-01	
240	2.332800e-03	6.235392e+00	3.987852e-01	3.196977e-01	
241	2.342800e-03	6.169542e+00	3.981363e-01	3.187296e-01	
242	2.352800e-03	6.097103e+00	3.974153e-01	3.176903e-01	
243	2.362800e-03	6.018361e+00	3.966226e-01	3.165805e-01	
244	2.372800e-03	5.933627e+00	3.957591e-01	3.154010e-01	
245	2.382800e-03	5.843234e+00	3.948255e-01	3.141526e-01	
246	2.392800e-03	5.747541e+00	3.938227e-01	3.128364e-01	
247	2.402800e-03	5.646924e+00	3.927518e-01	3.114533e-01	
248	2.412800e-03	5.541781e+00	3.916139e-01	3.100047e-01	
249	2.422800e-03	5.432526e+00	3.904103e-01	3.084918e-01	
250	2.432800e-03	5.319591e+00	3.891425e-01	3.069163e-01	
251	2.442800e-03	5.203422e+00	3.878121e-01	3.052799e-01	
252	2.452800e-03	5.084476e+00	3.864211e-01	3.035844e-01	
253	2.462800e-03	4.963224e+00	3.849715e-01	3.018321e-01	
254	2.472800e-03	4.840144e+00	3.834658e-01	3.000255e-01	
255	2.482800e-03	4.715721e+00	3.819066e-01	2.981672e-01	
256	2.492800e-03	4.590447e+00	3.802969e-01	2.962603e-01	
257	2.502800e-03	4.464816e+00	3.786403e-01	2.943084e-01	
258	2.512800e-03	4.339324e+00	3.769405e-01	2.923153e-01	
259	2.522800e-03	4.214466e+00	3.752019e-01	2.902854e-01	
260	2.532800e-03	4.090735e+00	3.734294e-01	2.882236e-01	
261	2.542800e-03	3.968619e+00	3.716284e-01	2.861355e-01	
262	2.552800e-03	3.848600e+00	3.698051e-01	2.840271e-01	
263	2.562800e-03	3.731152e+00	3.679662e-01	2.819052e-01	
264	2.572800e-03	3.616738e+00	3.661193e-01	2.797775e-01	
265	2.582800e-03	3.505810e+00	3.642728e-01	2.776522e-01	
266	2.592800e-03	3.398805e+00	3.624358e-01	2.755387e-01	
267	2.602800e-03	3.296147e+00	3.606185e-01	2.734468e-01	
268	2.612800e-03	3.198240e+00	3.588316e-01	2.713876e-01	
269	2.622800e-03	3.105470e+00	3.570870e-01	2.693726e-01	
270	2.632800e-03	3.018203e+00	3.553972e-01	2.674143e-01	
271	2.642800e-03	2.936785e+00	3.537752e-01	2.655259e-01	
272	2.652800e-03	2.861536e+00	3.522349e-01	2.637210e-01	
273	2.662800e-03	2.792753e+00	3.507903e-01	2.620135e-01	
274	2.672800e-03	2.730708e+00	3.494555e-01	2.604175e-01	
275	2.682800e-03	2.675645e+00	3.482446e-01	2.589468e-01	
276	2.692800e-03	2.627783e+00	3.471709e-01	2.576149e-01	
277	2.702800e-03	2.587309e+00	3.462471e-01	2.564341e-01	
278	2.712800e-03	2.554384e+00	3.454846e-01	2.554157e-01	
279	2.722800e-03	2.529137e+00	3.448931e-01	2.545692e-01	
280	2.732800e-03	2.511668e+00	3.444804e-01	2.539022e-01	
281	2.742800e-03	2.502046e+00	3.442521e-01	2.534203e-01	
282	2.752800e-03	2.500310e+00	3.442113e-01	2.531262e-01	
283	2.762800e-03	2.506465e+00	3.443586e-01	2.530204e-01	
284	2.772800e-03	2.520487e+00	3.446919e-01	2.531007e-01	
285	2.782800e-03	2.542322e+00	3.452068e-01	2.533624e-01	
286	2.792800e-03	2.571883e+00	3.458964e-01	2.537983e-01	

Index   time            v(sig)          v(clip)         v(filt)         
--------------------------------------------------------------------------------
287	2.802800e-03	2.609054e+00	3.467516e-01	2.543995e-01	
288	2.812800e-03	2.653687e+00	3.477619e-01	2.551550e-01	
289	2.822800e-03	2.705607e+00	3.489150e-01	2.560525e-01	
290	2.832800e-03	2.764608e+00	3.501980e-01	2.570789e-01	
291	2.842800e-03	2.830458e+00	3.515969e-01	2.582202e-01	
292	2.852800e-03	2.902897e+00	3.530977e-01	2.594621e-01	
293	2.862800e-03	2.981639e+00	3.546862e-01	2.607905e-01	
294	2.872800e-03	3.066373e+00	3.563486e-01	2.621914e-01	
295	2.882800e-03	3.156766e+00	3.580713e-01	2.636512e-01	
296	2.892800e-03	3.252459e+00	3.598417e-01	2.651572e-01	
297	2.902800e-03	3.353076e+00	3.616476e-01	2.666971e-01	
298	2.912800e-03	3.458219e+00	3.634777e-01	2.682598e-01	
299	2.922800e-03	3.567474e+00	3.653217e-01	2.698347e-01	
300	2.932800e-03	3.680409e+00	3.671699e-01	2.714123e-01	
301	2.942800e-03	3.796578e+00	3.690137e-01	2.729839e-01	
302	2.952800e-03	3.915524e+00	3.708452e-01	2.745416e-01	
303	2.962800e-03	4.036776e+00	3.726572e-01	2.760783e-01	
304	2.972800e-03	4.159856e+00	3.744433e-01	2.775876e-01	
305	2.982800e-03	4.284279e+00	3.761978e-01	2.790637e-01	
306	2.992800e-03	4.409553e+00	3.779155e-01	2.805017e-01	
307	3.002800e-03	4.535184e+00	3.795919e-01	2.818969e-01	
308	3.012800e-03	4.660676e+00	3.812230e-01	2.832454e-01	
309	3.022800e-03	4.785534e+00	3.828051e-01	2.845436e-01	
310	3.032800e-03	4.909265e+00	3.843350e-01	2.857883e-01	
311	3.042800e-03	5.031381e+00	3.858098e-01	2.869768e-01	
312	3.052800e-03	5.151400e+00	3.872272e-01	2.881066e-01	
313	3.062800e-03	5.268848e+00	3.885848e-01	2.891756e-01	
314	3.072800e-03	5.383262e+00	3.898806e-01	2.901817e-01	
315	3.082800e-03	5.494190e+00	3.911130e-01	2.911234e-01	
316	3.092800e-03	5.601195e+00	3.922803e-01	2.919992e-01	
317	3.102800e-03	5.703853e+00	3.933811e-01	2.928076e-01	
318	3.112800e-03	5.801760e+00	3.944144e-01	2.935477e-01	
319	3.122800e-03	5.894530e+00	3.953789e-01	2.942183e-01	
320	3.132800e-03	5.981797e+00	3.962737e-01	2.948186e-01	
321	3.142800e-03	6.063215e+00	3.970980e-01	2.953478e-01	
322	3.152800e-03	6.138464e+00	3.978510e-01	2.958053e-01	
323	3.162800e-03	6.207247e+00	3.985321e-01	2.961904e-01	
324	3.172800e-03	6.269292e+00	3.991408e-01	2.965027e-01	
325	3.182800e-03	6.324355e+00	3.996764e-01	2.967417e-01	
326	3.192800e-03	6.372217e+00	4.001387e-01	2.969072e-01	
327	3.202800e-03	6.412691e+00	4.005273e-01	2.969988e-01	
328	3.212800e-03	6.445616e+00	4.008418e-01	2.970163e-01	
329	3.222800e-03	6.470863e+00	4.010821e-01	2.969596e-01	
330	3.232800e-03	6.488332e+00	4.012479e-01	2.968286e-01	
331	3.242800e-03	6.497954e+00	4.013393e-01	2.966232e-01	
332	3.252800e-03	6.499690e+00	4.013560e-01	2.963434e-01	
333	3.262800e-03	6.493535e+00	4.012981e-01	2.959893e-01	
334	3.272800e-03	6.479513e+00	4.011656e-01	2.955610e-01	
335	3.282800e-03	6.457678e+00	4.009586e-01	2.950588e-01	
336	3.292800e-03	6.428117e+00	4.006773e-01	2.944827e-01	
337	3.302800e-03	6.390946e+00	4.003219e-01	2.938331e-01	
338	3.312800e-03	6.346313e+00	3.998926e-01	2.931104e-01	
339	3.322800e-03	6.294393e+00	3.993898e-01	2.923148e-01	
340	3.332800e-03	6.235392e+00	3.988138e-01	2.914470e-01	
341	3.342800e-03	6.169542e+00	3.981652e-01	2.905074e-01	
342	3.352800e-03	6.097103e+00	3.974444e-01	2.894966e-01	
343	3.362800e-03	6.018361e+00	3.966521e-01	2.884153e-01	
344	3.372800e-03	5.933627e+00	3.957889e-01	2.872643e-01	

Index   time            v(sig)          v(clip)         v(filt)         
--------------------------------------------------------------------------------
345	3.382800e-03	5.843234e+00	3.948557e-01	2.860444e-01	
346	3.392800e-03	5.747541e+00	3.938533e-01	2.847566e-01	
347	3.402800e-03	5.646924e+00	3.927829e-01	2.834021e-01	
348	3.412800e-03	5.541781e+00	3.916454e-01	2.819820e-01	
349	3.422800e-03	5.432526e+00	3.904424e-01	2.804977e-01	
350	3.432800e-03	5.319591e+00	3.891752e-01	2.789508e-01	
351	3.442800e-03	5.203422e+00	3.878455e-01	2.773429e-01	
352	3.452800e-03	5.084476e+00	3.864551e-01	2.756761e-01	
353	3.462800e-03	4.963224e+00	3.850063e-01	2.739524e-01	
354	3.472800e-03	4.840144e+00	3.835014e-01	2.721744e-01	
355	3.482800e-03	4.715721e+00	3.819430e-01	2.703448e-01	
356	3.492800e-03	4.590447e+00	3.803343e-01	2.684667e-01	
357	3.502800e-03	4.464816e+00	3.786786e-01	2.665435e-01	
358	3.512800e-03	4.339324e+00	3.769798e-01	2.645792e-01	
359	3.522800e-03	4.214466e+00	3.752423e-01	2.625781e-01	
360	3.532800e-03	4.090735e+00	3.734710e-01	2.605452e-01	
361	3.542800e-03	3.968619e+00	3.716712e-01	2.584859e-01	
362	3.552800e-03	3.848600e+00	3.698491e-01	2.564063e-01	
363	3.562800e-03	3.731152e+00	3.680115e-01	2.543134e-01	
364	3.572800e-03	3.616738e+00	3.661660e-01	2.522146e-01	
365	3.582800e-03	3.505810e+00	3.643209e-01	2.501183e-01	
366	3.592800e-03	3.398805e+00	3.624854e-01	2.480337e-01	
367	3.602800e-03	3.296147e+00	3.606695e-01	2.459709e-01	
368	3.612800e-03	3.198240e+00	3.588842e-01	2.439406e-01	
369	3.622800e-03	3.105470e+00	3.571411e-01	2.419545e-01	
370	3.632800e-03	3.018203e+00	3.554527e-01	2.400252e-01	
371	3.642800e-03	2.936785e+00	3.538323e-01	2.381657e-01	
372	3.652800e-03	2.861536e+00	3.522935e-01	2.363896e-01	
373	3.662800e-03	2.792753e+00	3.508503e-01	2.347108e-01	
374	3.672800e-03	2.730708e+00	3.495168e-01	2.331435e-01	
375	3.682800e-03	2.675645e+00	3.483071e-01	2.317013e-01	
376	3.692800e-03	2.627783e+00	3.472346e-01	2.303977e-01	
377	3.702800e-03	2.587309e+00	3.463118e-01	2.292451e-01	
378	3.712800e-03	2.554384e+00	3.455501e-01	2.282547e-01	
379	3.722800e-03	2.529137e+00	3.449592e-01	2.274359e-01	
380	3.732800e-03	2.511668e+00	3.445469e-01	2.267965e-01	
381	3.742800e-03	2.502046e+00	3.443188e-01	2.263418e-01	
382	3.752800e-03	2.500310e+00	3.442780e-01	2.260748e-01	
383	3.762800e-03	2.506465e+00	3.444250e-01	2.259958e-01	
384	3.772800e-03	2.520487e+00	3.447579e-01	2.261027e-01	
385	3.782800e-03	2.542322e+00	3.452721e-01	2.263906e-01	
386	3.792800e-03	2.571883e+00	3.459608e-01	2.268527e-01	
387	3.802800e-03	2.609054e+00	3.468151e-01	2.274798e-01	
388	3.812800e-03	2.653687e+00	3.478242e-01	2.282610e-01	
389	3.822800e-03	2.705607e+00	3.489760e-01	2.291842e-01	
390	3.832800e-03	2.764608e+00	3.502576e-01	2.302360e-01	
391	3.842800e-03	2.830458e+00	3.516550e-01	2.314026e-01	
392	3.852800e-03	2.902897e+00	3.531543e-01	2.326698e-01	
393	3.862800e-03	2.981639e+00	3.547412e-01	2.340234e-01	
394	3.872800e-03	3.066373e+00	3.564020e-01	2.354494e-01	
395	3.882800e-03	3.156766e+00	3.581231e-01	2.369344e-01	
396	3.892800e-03	3.252459e+00	3.598919e-01	2.384655e-01	
397	3.902800e-03	3.353076e+00	3.616962e-01	2.400306e-01	
398	3.912800e-03	3.458219e+00	3.635248e-01	2.416184e-01	
399	3.922800e-03	3.567474e+00	3.653673e-01	2.432184e-01	
400	3.932800e-03	3.680409e+00	3.672142e-01	2.448212e-01	
401	3.942800e-03	3.796578e+00	3.690566e-01	2.464181e-01	
402	3.952800e-03	3.915524e+00	3.708867e-01	2.480010e-01	

Index   time            v(sig)          v(clip)         v(filt)         
--------------------------------------------------------------------------------
403	3.962800e-03	4.036776e+00	3.726975e-01	2.495629e-01	
404	3.972800e-03	4.159856e+00	3.744824e-01	2.510975e-01	
405	3.982800e-03	4.284279e+00	3.762357e-01	2.525990e-01	
406	3.992800e-03	4.409553e+00	3.779524e-01	2.540623e-01	
407	4.002800e-03	4.535184e+00	3.796278e-01	2.554830e-01	
408	4.012800e-03	4.660676e+00	3.812579e-01	2.568569e-01	
409	4.022800e-03	4.785534e+00	3.828391e-01	2.581806e-01	
410	4.032800e-03	4.909265e+00	3.843682e-01	2.594508e-01	
411	4.042800e-03	5.031381e+00	3.858423e-01	2.606649e-01	
412	4.052800e-03	5.151400e+00	3.872589e-01	2.618203e-01	
413	4.062800e-03	5.268848e+00	3.886158e-01	2.629148e-01	
414	4.072800e-03	5.383262e+00	3.899110e-01	2.639466e-01	
415	4.082800e-03	5.494190e+00	3.911427e-01	2.649139e-01	
416	4.092800e-03	5.601195e+00	3.923095e-01	2.658153e-01	
417	4.102800e-03	5.703853e+00	3.934098e-01	2.666494e-01	
418	4.112800e-03	5.801760e+00	3.944426e-01	2.674151e-01	
419	4.122800e-03	5.894530e+00	3.954067e-01	2.681114e-01	
420	4.132800e-03	5.981797e+00	3.963011e-01	2.687374e-01	
421	4.142800e-03	6.063215e+00	3.971250e-01	2.692923e-01	
422	4.152800e-03	6.138464e+00	3.978777e-01	2.697755e-01	
423	4.162800e-03	6.207247e+00	3.985585e-01	2.701863e-01	
424	4.172800e-03	6.269292e+00	3.991669e-01	2.705244e-01	
425	4.182800e-03	6.324355e+00	3.997024e-01	2.707892e-01	
426	4.192800e-03	6.372217e+00	4.001645e-01	2.709804e-01	
427	4.202800e-03	6.412691e+00	4.005528e-01	2.710977e-01	
428	4.212800e-03	6.445616e+00	4.008672e-01	2.711410e-01	
429	4.222800e-03	6.470863e+00	4.011074e-01	2.711100e-01	
430	4.232800e-03	6.488332e+00	4.012732e-01	2.710047e-01	
431	4.242800e-03	6.497954e+00	4.013644e-01	2.708251e-01	
432	4.252800e-03	6.499690e+00	4.013811e-01	2.705711e-01	
433	4.262800e-03	6.493535e+00	4.013232e-01	2.702427e-01	
434	4.272800e-03	6.479513e+00	4.011907e-01	2.698402e-01	
435	4.282800e-03	6.457678e+00	4.009838e-01	2.693637e-01	
436	4.292800e-03	6.428117e+00	4.007026e-01	2.688134e-01	
437	4.302800e-03	6.390946e+00	4.003473e-01	2.681896e-01	
438	4.312800e-03	6.346313e+00	3.999181e-01	2.674926e-01	
439	4.322800e-03	6.294393e+00	3.994155e-01	2.667228e-01	
440	4.332800e-03	6.235392e+00	3.988397e-01	2.658808e-01	
441	4.342800e-03	6.169542e+00	3.981913e-01	2.649669e-01	
442	4.352800e-03	6.097103e+00	3.974707e-01	2.639819e-01	
443	4.362800e-03	6.018361e+00	3.966787e-01	2.629264e-01	
444	4.372800e-03	5.933627e+00	3.958158e-01	2.618012e-01	
445	4.382800e-03	5.843234e+00	3.948830e-01	2.606071e-01	
446	4.392800e-03	5.747541e+00	3.938810e-01	2.593452e-01	
447	4.402800e-03	5.646924e+00	3.928110e-01	2.580164e-01	
448	4.412800e-03	5.541781e+00	3.916740e-01	2.566222e-01	
449	4.422800e-03	5.432526e+00	3.904715e-01	2.551637e-01	
450	4.432800e-03	5.319591e+00	3.892048e-01	2.536427e-01	
451	4.442800e-03	5.203422e+00	3.878757e-01	2.520607e-01	
452	4.452800e-03	5.084476e+00	3.864859e-01	2.504197e-01	
453	4.462800e-03	4.963224e+00	3.850378e-01	2.487220e-01	
454	4.472800e-03	4.840144e+00	3.835336e-01	2.469699e-01	
455	4.482800e-03	4.715721e+00	3.819760e-01	2.451663e-01	
456	4.492800e-03	4.590447e+00	3.803681e-01	2.433141e-01	
457	4.502800e-03	4.464816e+00	3.787132e-01	2.414169e-01	
458	4.512800e-03	4.339324e+00	3.770154e-01	2.394786e-01	
459	4.522800e-03	4.214466e+00	3.752789e-01	2.375036e-01	
460	4.532800e-03	4.090735e+00	3.735085e-01	2.354968e-01	

Index   time            v(sig)          v(clip)         v(filt)         
--------------------------------------------------------------------------------
461	4.542800e-03	3.968619e+00	3.717098e-01	2.334636e-01	
462	4.552800e-03	3.848600e+00	3.698889e-01	2.314102e-01	
463	4.562800e-03	3.731152e+00	3.680525e-01	2.293434e-01	
464	4.572800e-03	3.616738e+00	3.662082e-01	2.272708e-01	
465	4.582800e-03	3.505810e+00	3.643643e-01	2.252007e-01	
466	4.592800e-03	3.398805e+00	3.625301e-01	2.231424e-01	
467	4.602800e-03	3.296147e+00	3.607156e-01	2.211057e-01	
468	4.612800e-03	3.198240e+00	3.589317e-01	2.191017e-01	
469	4.622800e-03	3.105470e+00	3.571900e-01	2.171418e-01	
470	4.632800e-03	3.018203e+00	3.555030e-01	2.152387e-01	
471	4.642800e-03	2.936785e+00	3.538839e-01	2.134053e-01	
472	4.652800e-03	2.861536e+00	3.523464e-01	2.116553e-01	
473	4.662800e-03	2.792753e+00	3.509045e-01	2.100025e-01	
474	4.672800e-03	2.730708e+00	3.495723e-01	2.084611e-01	
475	4.682800e-03	2.675645e+00	3.483637e-01	2.070447e-01	
476	4.692800e-03	2.627783e+00	3.472922e-01	2.057668e-01	
477	4.702800e-03	2.587309e+00	3.463702e-01	2.046397e-01	
478	4.712800e-03	2.554384e+00	3.456092e-01	2.036745e-01	
479	4.722800e-03	2.529137e+00	3.450189e-01	2.028809e-01	
480	4.732800e-03	2.511668e+00	3.446070e-01	2.022664e-01	
481	4.742800e-03	2.502046e+00	3.443791e-01	2.018364e-01	
482	4.752800e-03	2.500310e+00	3.443382e-01	2.015939e-01	
483	4.762800e-03	2.506465e+00	3.444851e-01	2.015392e-01	
484	4.772800e-03	2.520487e+00	3.448176e-01	2.016700e-01	
485	4.782800e-03	2.542322e+00	3.453312e-01	2.019818e-01	
486	4.792800e-03	2.571883e+00	3.460191e-01	2.024675e-01	
487	4.802800e-03	2.609054e+00	3.468724e-01	2.031181e-01	
488	4.812800e-03	2.653687e+00	3.478805e-01	2.039226e-01	
489	4.822800e-03	2.705607e+00	3.490312e-01	2.048689e-01	
490	4.832800e-03	2.764608e+00	3.503115e-01	2.059438e-01	
491	4.842800e-03	2.830458e+00	3.517076e-01	2.071333e-01	
492	4.852800e-03	2.902897e+00	3.532054e-01	2.084234e-01	
493	4.862800e-03	2.981639e+00	3.547909e-01	2.097998e-01	
494	4.872800e-03	3.066373e+00	3.564502e-01	2.112486e-01	
495	4.882800e-03	3.156766e+00	3.581700e-01	2.127563e-01	
496	4.892800e-03	3.252459e+00	3.599373e-01	2.143101e-01	
497	4.902800e-03	3.353076e+00	3.617402e-01	2.158979e-01	
498	4.912800e-03	3.458219e+00	3.635675e-01	2.175085e-01	
499	4.922800e-03	3.567474e+00	3.654086e-01	2.191313e-01	
500	4.932800e-03	3.680409e+00	3.672542e-01	2.207569e-01	
501	4.942800e-03	3.796578e+00	3.690954e-01	2.223765e-01	
502	4.952800e-03	3.915524e+00	3.709243e-01	2.239823e-01	
503	4.962800e-03	4.036776e+00	3.727339e-01	2.255671e-01	
504	4.972800e-03	4.159856e+00	3.745177e-01	2.271246e-01	
505	4.982800e-03	4.284279e+00	3.762701e-01	2.286491e-01	
506	4.991400e-03	4.391982e+00	3.777479e-01	2.299298e-01	
507	5.000000e-03	4.500000e+00	3.791958e-01	2.311793e-01	
SHAPE_DONE
ngspice-47 done
