
Note: No compatibility mode selected!


Circuit: * voz-9 — 06_vca.cir

Doing analysis at TEMP = 27.000000 and TNOM = 27.000000

Using SPARSE 1.3 as Direct Linear Solver
Warning: singular matrix:  check node j2_7

Note: Starting dynamic gmin stepping
Warning: singular matrix:  check node j2_5

Warning: Dynamic gmin stepping failed
Note: Starting true gmin stepping
Warning: singular matrix:  check node j2_9

Warning: singular matrix:  check node j2_9

Warning: singular matrix:  check node j2_9

Warning: singular matrix:  check node j2_9

Warning: True gmin stepping failed
Note: Starting source stepping
Warning: source stepping failed
Note: Transient op started
Note: Transient op finished successfully

No. of Data Rows : 1
v(env) = 4.626109e-08
v(source) = 4.825641e-06
v(1v8) = 8.699141e-05
Doing analysis at TEMP = 27.000000 and TNOM = 27.000000

Using SPARSE 1.3 as Direct Linear Solver

Initial Transient Solution
--------------------------

Node                                   Voltage
----                                   -------
sw_osc_a_c                                   1
sw_osc_b_c                                   1
sw_drone_c                                   1
sw_trem_c                                    1
sw_mode_p_c                                  0
sw_mode_t_c                                  0
sw_h1_c                                      1
sw_h2_c                                      1
sw_h3_c                                      1
sw_stack_c                                   0
sw_gate_c                                    0
jack_a_c                                     0
jack_b_c                                     0
jack_in_c                                    0
jack_filt_c                                  0
jack_fcv_c                                   0
jack_vcv_c                                   0
jack_lfo_c                                   0
jack_ecv_c                                   0
jack_clk_c                                   0
jack_send_c                                  0
jack_rcv_c                                   0
j1_1                                         0
pitch_a_w                                    0
j1_2                                         0
j1_3                                         0
pitch_b_w                                    0
j1_4                                         0
j1_5                                         0
j1_6                                         0
j1_7                                         0
j1_8                                         0
j1_9                                         0
j1_10                                        0
j1_11                                        0
j1_12                                        0
j1_13                                        0
j1_14                                        0
j1_15                                        0
j1_16                                        0
j1_17                                        0
j1_18                                  1.78891
j1_19                                  1.78891
j1_20                                        0
j2_1                                         0
j2_2                                         0
j2_3                                         0
j2_4                                         0
j2_5                                         0
j2_6                                         0
j2_7                                         0
j2_8                                         0
j2_9                                         0
xtrem.ninv                         1.00009e-12
j2_10                                        0
j2_11                                        0
j2_12                                        0
j3_1                                         0
j3_2                                         0
j3_3                                         0
j3_4                                         0
j3_5                                         0
j3_6                                         0
j3_7                                         0
j3_8                                         0
j3_9                                         0
j3_10                                        0
j3_11                                        0
j3_12                                        0
j3_13                                        0
j3_14                                        0
j3_15                                        0
j3_16                                        0
j3_17                                        0
j3_18                                        0
j3_19                                        0
j3_20                                        0
xja.ninv                                     1
j4_1                                         0
j4_2                                         0
xjb.ninv                                     1
j4_4                                         0
j4_5                                         0
xjin.ninv                                    1
j4_7                                         0
j4_8                                         0
xjf.ninv                                     1
j4_10                                        0
j4_11                                        0
xjfc.ninv                                    1
j4_13                                        0
j4_14                                        0
xjvc.ninv                                    1
j4_16                                        0
j4_17                                        0
j4_19                                        0
j4_20                                        0
xjlfo.ninv                                   1
j5_1                                         0
j5_2                                         0
xjecv.ninv                                   1
j5_4                                         0
j5_5                                         0
xjclk.ninv                                   1
j5_7                                         0
j5_8                                         0
xjsnd.ninv                                   1
j5_10                                        0
j5_11                                        0
xjrcv.ninv                                   1
j5_13                                        0
j5_14                                        0
j5_16                                        0
j6_5                                   1.78972
j6_6                               1.78972e-08
j6_3                                         0
j6_4                                         0
j7_6                                         0
j8_6                                         0
v9                                           9
v5                                           5
vee                                         -9
4v5                                        4.5
1v8                                    1.78973
audio                                        0
drain                                  1.78973
env                                     1.7881
source                                 1.78973
vca_out                                      0
b.xjrcv.binv#branch                          0
b.xjsnd.binv#branch                          0
b.xjclk.binv#branch                          0
b.xjecv.binv#branch                          0
b.xjlfo.binv#branch                          0
b.xjvc.binv#branch                           0
b.xjfc.binv#branch                           0
b.xjf.binv#branch                            0
b.xjin.binv#branch                           0
b.xjb.binv#branch                            0
b.xja.binv#branch                            0
b.xtrem.binv#branch                          0
vin#branch                                   0
v.xrails.vneg#branch                         0
v.xrails.vreg#branch                -0.0749625
v.xrails.vrail#branch              -0.00077774
v_jack_rcv#branch                            0
v_jack_send#branch                           0
v_jack_clk#branch                            0
v_jack_ecv#branch                            0
v_jack_lfo#branch                            0
v_jack_vcv#branch                            0
v_jack_fcv#branch                            0
v_jack_filt#branch                           0
v_jack_in#branch                             0
v_jack_b#branch                              0
v_jack_a#branch                              0
v_sw_gate#branch                             0
v_sw_stack#branch                            0
v_sw_h3#branch                               0
v_sw_h2#branch                               0
v_sw_h1#branch                               0
v_sw_mode_t#branch                           0
v_sw_mode_p#branch                           0
v_sw_trem#branch                             0
v_sw_drone#branch                            0
v_sw_osc_b#branch                            0
v_sw_osc_a#branch                            0


No. of Data Rows : 408
                             * voz-9 — 06_vca.cir
                             Transient Analysis  Sun Sep 13 13:18:13  2026
--------------------------------------------------------------------------------
Index   time            v(vca_out)      v(env)          
--------------------------------------------------------------------------------
0	0.000000e+00	0.000000e+00	1.788101e+00	
1	5.000000e-07	3.895313e-04	1.788101e+00	
2	1.000000e-06	7.804039e-04	1.788101e+00	
3	2.000000e-06	1.561706e-03	1.788101e+00	
4	4.000000e-06	3.121557e-03	1.788101e+00	
5	8.000000e-06	6.230117e-03	1.788101e+00	
6	1.600000e-05	1.240157e-02	1.788101e+00	
7	3.200000e-05	2.455321e-02	1.788101e+00	
8	6.400000e-05	4.802454e-02	1.788101e+00	
9	1.140000e-04	8.217906e-02	1.788101e+00	
10	1.640000e-04	1.128020e-01	1.788101e+00	
11	2.140000e-04	1.394501e-01	1.788101e+00	
12	2.640000e-04	1.617603e-01	1.788101e+00	
13	3.140000e-04	1.794525e-01	1.788102e+00	
14	3.640000e-04	1.923270e-01	1.788102e+00	
15	4.140000e-04	2.002605e-01	1.788102e+00	
16	4.640000e-04	2.031972e-01	1.788103e+00	
17	5.140000e-04	2.011654e-01	1.788104e+00	
18	5.640000e-04	1.942348e-01	1.788105e+00	
19	6.140000e-04	1.825620e-01	1.788106e+00	
20	6.640000e-04	1.663727e-01	1.788107e+00	
21	7.140000e-04	1.459717e-01	1.788108e+00	
22	7.640000e-04	1.217457e-01	1.788109e+00	
23	8.140000e-04	9.416250e-02	1.788110e+00	
24	8.640000e-04	6.376624e-02	1.788111e+00	
25	9.140000e-04	3.116797e-02	1.788113e+00	
26	9.640000e-04	-2.96692e-03	1.788114e+00	
27	1.014000e-03	-3.79350e-02	1.788115e+00	
28	1.064000e-03	-7.30093e-02	1.788116e+00	
29	1.114000e-03	-1.07458e-01	1.788118e+00	
30	1.164000e-03	-1.40561e-01	1.788119e+00	
31	1.214000e-03	-1.71625e-01	1.788120e+00	
32	1.264000e-03	-2.00000e-01	1.788121e+00	
33	1.314000e-03	-2.25089e-01	1.788121e+00	
34	1.364000e-03	-2.46367e-01	1.788122e+00	
35	1.414000e-03	-2.63384e-01	1.788123e+00	
36	1.464000e-03	-2.75778e-01	1.788123e+00	
37	1.514000e-03	-2.83282e-01	1.788123e+00	
38	1.564000e-03	-2.85727e-01	1.788123e+00	
39	1.614000e-03	-2.83046e-01	1.788123e+00	
40	1.664000e-03	-2.75277e-01	1.788123e+00	
41	1.714000e-03	-2.62557e-01	1.788122e+00	
42	1.764000e-03	-2.45125e-01	1.788122e+00	
43	1.814000e-03	-2.23311e-01	1.788121e+00	
44	1.864000e-03	-1.97537e-01	1.788120e+00	
45	1.914000e-03	-1.68300e-01	1.788119e+00	
46	1.964000e-03	-1.36169e-01	1.788118e+00	
47	2.014000e-03	-1.01769e-01	1.788117e+00	
48	2.064000e-03	-6.57686e-02	1.788116e+00	
49	2.114000e-03	-2.88674e-02	1.788115e+00	
50	2.164000e-03	8.220620e-03	1.788114e+00	
51	2.214000e-03	4.478331e-02	1.788113e+00	
52	2.264000e-03	8.012616e-02	1.788112e+00	
53	2.314000e-03	1.135886e-01	1.788111e+00	
54	2.364000e-03	1.445593e-01	1.788110e+00	

Index   time            v(vca_out)      v(env)          
--------------------------------------------------------------------------------
55	2.414000e-03	1.724896e-01	1.788109e+00	
56	2.464000e-03	1.969041e-01	1.788108e+00	
57	2.514000e-03	2.174068e-01	1.788108e+00	
58	2.564000e-03	2.336830e-01	1.788107e+00	
59	2.614000e-03	2.454967e-01	1.788107e+00	
60	2.664000e-03	2.526851e-01	1.788106e+00	
61	2.714000e-03	2.551462e-01	1.788106e+00	
62	2.764000e-03	2.528596e-01	1.788106e+00	
63	2.814000e-03	2.458342e-01	1.788107e+00	
64	2.864000e-03	2.341639e-01	1.788107e+00	
65	2.914000e-03	2.180075e-01	1.788107e+00	
66	2.964000e-03	1.976034e-01	1.788108e+00	
67	3.014000e-03	1.732755e-01	1.788109e+00	
68	3.064000e-03	1.454359e-01	1.788109e+00	
69	3.114000e-03	1.145818e-01	1.788110e+00	
70	3.164000e-03	8.128765e-02	1.788111e+00	
71	3.214000e-03	4.619220e-02	1.788112e+00	
72	3.264000e-03	9.983125e-03	1.788113e+00	
73	3.314000e-03	-2.66203e-02	1.788114e+00	
74	3.364000e-03	-6.28852e-02	1.788115e+00	
75	3.414000e-03	-9.80820e-02	1.788116e+00	
76	3.464000e-03	-1.31502e-01	1.788117e+00	
77	3.514000e-03	-1.62471e-01	1.788117e+00	
78	3.564000e-03	-1.90368e-01	1.788118e+00	
79	3.614000e-03	-2.14632e-01	1.788118e+00	
80	3.664000e-03	-2.34779e-01	1.788119e+00	
81	3.714000e-03	-2.50406e-01	1.788119e+00	
82	3.764000e-03	-2.61204e-01	1.788119e+00	
83	3.814000e-03	-2.66960e-01	1.788119e+00	
84	3.864000e-03	-2.67561e-01	1.788119e+00	
85	3.914000e-03	-2.62999e-01	1.788119e+00	
86	3.964000e-03	-2.53368e-01	1.788118e+00	
87	4.014000e-03	-2.38864e-01	1.788118e+00	
88	4.064000e-03	-2.19776e-01	1.788117e+00	
89	4.114000e-03	-1.96488e-01	1.788116e+00	
90	4.164000e-03	-1.69467e-01	1.788115e+00	
91	4.214000e-03	-1.39251e-01	1.788114e+00	
92	4.264000e-03	-1.06443e-01	1.788113e+00	
93	4.314000e-03	-7.16958e-02	1.788112e+00	
94	4.364000e-03	-3.56975e-02	1.788111e+00	
95	4.414000e-03	8.409301e-04	1.788109e+00	
96	4.464000e-03	3.720373e-02	1.788108e+00	
97	4.514000e-03	7.268501e-02	1.788107e+00	
98	4.564000e-03	1.066064e-01	1.788106e+00	
99	4.614000e-03	1.383320e-01	1.788105e+00	
100	4.664000e-03	1.672835e-01	1.788104e+00	
101	4.714000e-03	1.929514e-01	1.788103e+00	
102	4.764000e-03	2.149037e-01	1.788102e+00	
103	4.814000e-03	2.327895e-01	1.788102e+00	
104	4.864000e-03	2.463378e-01	1.788101e+00	
105	4.914000e-03	2.553533e-01	1.788101e+00	
106	4.964000e-03	2.597038e-01	1.788101e+00	
107	5.014000e-03	2.593338e-01	1.788101e+00	
108	5.064000e-03	2.542387e-01	1.788101e+00	
109	5.114000e-03	2.444625e-01	1.788101e+00	
110	5.164000e-03	2.301335e-01	1.788102e+00	
111	5.214000e-03	2.114492e-01	1.788102e+00	
112	5.264000e-03	1.886915e-01	1.788103e+00	

Index   time            v(vca_out)      v(env)          
--------------------------------------------------------------------------------
113	5.314000e-03	1.622301e-01	1.788104e+00	
114	5.364000e-03	1.325227e-01	1.788104e+00	
115	5.414000e-03	1.001092e-01	1.788105e+00	
116	5.464000e-03	6.560039e-02	1.788106e+00	
117	5.514000e-03	2.966380e-02	1.788107e+00	
118	5.564000e-03	-6.99331e-03	1.788108e+00	
119	5.614000e-03	-4.36418e-02	1.788109e+00	
120	5.664000e-03	-7.95482e-02	1.788110e+00	
121	5.714000e-03	-1.13992e-01	1.788111e+00	
122	5.764000e-03	-1.46281e-01	1.788112e+00	
123	5.814000e-03	-1.75769e-01	1.788112e+00	
124	5.864000e-03	-2.01866e-01	1.788113e+00	
125	5.914000e-03	-2.24050e-01	1.788114e+00	
126	5.964000e-03	-2.41883e-01	1.788114e+00	
127	6.014000e-03	-2.55011e-01	1.788114e+00	
128	6.064000e-03	-2.63176e-01	1.788114e+00	
129	6.114000e-03	-2.66220e-01	1.788114e+00	
130	6.164000e-03	-2.64089e-01	1.788114e+00	
131	6.214000e-03	-2.56828e-01	1.788113e+00	
132	6.264000e-03	-2.44589e-01	1.788113e+00	
133	6.314000e-03	-2.27619e-01	1.788112e+00	
134	6.364000e-03	-2.06261e-01	1.788112e+00	
135	6.414000e-03	-1.80944e-01	1.788111e+00	
136	6.464000e-03	-1.52175e-01	1.788110e+00	
137	6.514000e-03	-1.20530e-01	1.788109e+00	
138	6.564000e-03	-8.66405e-02	1.788108e+00	
139	6.614000e-03	-5.11806e-02	1.788106e+00	
140	6.664000e-03	-1.48531e-02	1.788105e+00	
141	6.714000e-03	2.162616e-02	1.788104e+00	
142	6.764000e-03	5.754496e-02	1.788103e+00	
143	6.814000e-03	9.221035e-02	1.788102e+00	
144	6.864000e-03	1.249652e-01	1.788101e+00	
145	6.914000e-03	1.552033e-01	1.788100e+00	
146	6.964000e-03	1.823826e-01	1.788099e+00	
147	7.014000e-03	2.060352e-01	1.788099e+00	
148	7.064000e-03	2.257733e-01	1.788098e+00	
149	7.114000e-03	2.412901e-01	1.788097e+00	
150	7.164000e-03	2.523565e-01	1.788097e+00	
151	7.214000e-03	2.588152e-01	1.788097e+00	
152	7.264000e-03	2.605682e-01	1.788097e+00	
153	7.314000e-03	2.575983e-01	1.788097e+00	
154	7.364000e-03	2.499163e-01	1.788097e+00	
155	7.414000e-03	2.376185e-01	1.788098e+00	
156	7.464000e-03	2.208669e-01	1.788098e+00	
157	7.514000e-03	1.999039e-01	1.788099e+00	
158	7.564000e-03	1.750588e-01	1.788099e+00	
159	7.614000e-03	1.467495e-01	1.788100e+00	
160	7.664000e-03	1.154795e-01	1.788101e+00	
161	7.714000e-03	8.182886e-02	1.788102e+00	
162	7.764000e-03	4.644141e-02	1.788103e+00	
163	7.814000e-03	1.000846e-02	1.788104e+00	
164	7.864000e-03	-2.67485e-02	1.788105e+00	
165	7.914000e-03	-6.30958e-02	1.788106e+00	
166	7.964000e-03	-9.83049e-02	1.788107e+00	
167	8.014000e-03	-1.31669e-01	1.788108e+00	
168	8.064000e-03	-1.62519e-01	1.788109e+00	
169	8.114000e-03	-1.90237e-01	1.788109e+00	
170	8.164000e-03	-2.14271e-01	1.788110e+00	

Index   time            v(vca_out)      v(env)          
--------------------------------------------------------------------------------
171	8.214000e-03	-2.34142e-01	1.788110e+00	
172	8.264000e-03	-2.49456e-01	1.788111e+00	
173	8.314000e-03	-2.59912e-01	1.788111e+00	
174	8.364000e-03	-2.65306e-01	1.788111e+00	
175	8.414000e-03	-2.65536e-01	1.788111e+00	
176	8.464000e-03	-2.60603e-01	1.788110e+00	
177	8.514000e-03	-2.50610e-01	1.788110e+00	
178	8.564000e-03	-2.35761e-01	1.788109e+00	
179	8.614000e-03	-2.16356e-01	1.788109e+00	
180	8.664000e-03	-1.92787e-01	1.788108e+00	
181	8.714000e-03	-1.65526e-01	1.788107e+00	
182	8.764000e-03	-1.35120e-01	1.788106e+00	
183	8.814000e-03	-1.02175e-01	1.788105e+00	
184	8.864000e-03	-6.73489e-02	1.788104e+00	
185	8.914000e-03	-3.13329e-02	1.788103e+00	
186	8.964000e-03	5.161169e-03	1.788102e+00	
187	9.014000e-03	4.141730e-02	1.788101e+00	
188	9.064000e-03	7.673176e-02	1.788100e+00	
189	9.114000e-03	1.104291e-01	1.788099e+00	
190	9.164000e-03	1.418783e-01	1.788098e+00	
191	9.214000e-03	1.705067e-01	1.788097e+00	
192	9.264000e-03	1.958117e-01	1.788096e+00	
193	9.314000e-03	2.173685e-01	1.788095e+00	
194	9.364000e-03	2.348338e-01	1.788095e+00	
195	9.414000e-03	2.479438e-01	1.788095e+00	
196	9.464000e-03	2.565095e-01	1.788094e+00	
197	9.514000e-03	2.604045e-01	1.788094e+00	
198	9.564000e-03	2.595840e-01	1.788094e+00	
199	9.614000e-03	2.540321e-01	1.788095e+00	
200	9.664000e-03	2.438150e-01	1.788095e+00	
201	9.714000e-03	2.290611e-01	1.788095e+00	
202	9.764000e-03	2.099753e-01	1.788096e+00	
203	9.814000e-03	1.868467e-01	1.788097e+00	
204	9.864000e-03	1.600531e-01	1.788098e+00	
205	9.914000e-03	1.300599e-01	1.788098e+00	
206	9.964000e-03	9.741362e-02	1.788099e+00	
207	1.001400e-02	6.273103e-02	1.788100e+00	
208	1.006400e-02	2.668391e-02	1.788101e+00	
209	1.011400e-02	-1.00177e-02	1.788102e+00	
210	1.016400e-02	-4.66436e-02	1.788103e+00	
211	1.021400e-02	-8.24606e-02	1.788104e+00	
212	1.026400e-02	-1.16750e-01	1.788105e+00	
213	1.031400e-02	-1.48824e-01	1.788106e+00	
214	1.036400e-02	-1.78040e-01	1.788107e+00	
215	1.041400e-02	-2.03813e-01	1.788108e+00	
216	1.046400e-02	-2.25631e-01	1.788108e+00	
217	1.051400e-02	-2.43061e-01	1.788108e+00	
218	1.056400e-02	-2.55757e-01	1.788109e+00	
219	1.061400e-02	-2.63472e-01	1.788109e+00	
220	1.066400e-02	-2.66056e-01	1.788109e+00	
221	1.071400e-02	-2.63464e-01	1.788109e+00	
222	1.076400e-02	-2.55753e-01	1.788108e+00	
223	1.081400e-02	-2.43080e-01	1.788108e+00	
224	1.086400e-02	-2.25704e-01	1.788107e+00	
225	1.091400e-02	-2.03974e-01	1.788106e+00	
226	1.096400e-02	-1.78329e-01	1.788106e+00	
227	1.101400e-02	-1.49281e-01	1.788105e+00	
228	1.106400e-02	-1.17412e-01	1.788104e+00	

Index   time            v(vca_out)      v(env)          
--------------------------------------------------------------------------------
229	1.111400e-02	-8.33574e-02	1.788103e+00	
230	1.116400e-02	-4.77954e-02	1.788102e+00	
231	1.121400e-02	-1.14303e-02	1.788101e+00	
232	1.126400e-02	2.502182e-02	1.788099e+00	
233	1.131400e-02	6.084964e-02	1.788098e+00	
234	1.136400e-02	9.536284e-02	1.788097e+00	
235	1.141400e-02	1.279083e-01	1.788096e+00	
236	1.146400e-02	1.578852e-01	1.788096e+00	
237	1.151400e-02	1.847578e-01	1.788095e+00	
238	1.156400e-02	2.080655e-01	1.788094e+00	
239	1.161400e-02	2.274276e-01	1.788094e+00	
240	1.166400e-02	2.425448e-01	1.788093e+00	
241	1.171400e-02	2.531947e-01	1.788093e+00	
242	1.176400e-02	2.592261e-01	1.788093e+00	
243	1.181400e-02	2.605467e-01	1.788093e+00	
244	1.186400e-02	2.571447e-01	1.788093e+00	
245	1.191400e-02	2.490362e-01	1.788093e+00	
246	1.196400e-02	2.363237e-01	1.788094e+00	
247	1.201400e-02	2.191761e-01	1.788094e+00	
248	1.206400e-02	1.978436e-01	1.788095e+00	
249	1.211400e-02	1.726633e-01	1.788096e+00	
250	1.216400e-02	1.440611e-01	1.788097e+00	
251	1.221400e-02	1.125481e-01	1.788097e+00	
252	1.226400e-02	7.871066e-02	1.788098e+00	
253	1.231400e-02	4.319751e-02	1.788100e+00	
254	1.236400e-02	6.703504e-03	1.788101e+00	
255	1.241400e-02	-3.00480e-02	1.788102e+00	
256	1.246400e-02	-6.63232e-02	1.788103e+00	
257	1.251400e-02	-1.01395e-01	1.788104e+00	
258	1.256400e-02	-1.34559e-01	1.788104e+00	
259	1.261400e-02	-1.65150e-01	1.788105e+00	
260	1.266400e-02	-1.92556e-01	1.788106e+00	
261	1.271400e-02	-2.16231e-01	1.788107e+00	
262	1.276400e-02	-2.35704e-01	1.788107e+00	
263	1.281400e-02	-2.50588e-01	1.788107e+00	
264	1.286400e-02	-2.60592e-01	1.788108e+00	
265	1.291400e-02	-2.65520e-01	1.788108e+00	
266	1.296400e-02	-2.65281e-01	1.788107e+00	
267	1.301400e-02	-2.59883e-01	1.788107e+00	
268	1.306400e-02	-2.49439e-01	1.788107e+00	
269	1.311400e-02	-2.34163e-01	1.788106e+00	
270	1.316400e-02	-2.14363e-01	1.788106e+00	
271	1.321400e-02	-1.90438e-01	1.788105e+00	
272	1.326400e-02	-1.62869e-01	1.788104e+00	
273	1.331400e-02	-1.32206e-01	1.788103e+00	
274	1.336400e-02	-9.90633e-02	1.788102e+00	
275	1.341400e-02	-6.41006e-02	1.788101e+00	
276	1.346400e-02	-2.80121e-02	1.788100e+00	
277	1.351400e-02	8.489204e-03	1.788099e+00	
278	1.356400e-02	4.468794e-02	1.788098e+00	
279	1.361400e-02	7.988221e-02	1.788097e+00	
280	1.366400e-02	1.134000e-01	1.788096e+00	
281	1.371400e-02	1.446149e-01	1.788095e+00	
282	1.376400e-02	1.729604e-01	1.788094e+00	
283	1.381400e-02	1.979405e-01	1.788093e+00	
284	1.386400e-02	2.191379e-01	1.788093e+00	
285	1.391400e-02	2.362166e-01	1.788092e+00	
286	1.396400e-02	2.489199e-01	1.788092e+00	

Index   time            v(vca_out)      v(env)          
--------------------------------------------------------------------------------
287	1.401400e-02	2.570652e-01	1.788092e+00	
288	1.406400e-02	2.605318e-01	1.788092e+00	
289	1.411400e-02	2.592806e-01	1.788092e+00	
290	1.416400e-02	2.533009e-01	1.788092e+00	
291	1.421400e-02	2.426648e-01	1.788092e+00	
292	1.426400e-02	2.275072e-01	1.788093e+00	
293	1.431400e-02	2.080404e-01	1.788094e+00	
294	1.436400e-02	1.845616e-01	1.788094e+00	
295	1.441400e-02	1.574564e-01	1.788095e+00	
296	1.446400e-02	1.271981e-01	1.788096e+00	
297	1.451400e-02	9.434015e-02	1.788097e+00	
298	1.456400e-02	5.950490e-02	1.788098e+00	
299	1.461400e-02	2.336834e-02	1.788099e+00	
300	1.466400e-02	-1.33569e-02	1.788100e+00	
301	1.471400e-02	-4.99396e-02	1.788101e+00	
302	1.476400e-02	-8.56473e-02	1.788102e+00	
303	1.481400e-02	-1.19763e-01	1.788103e+00	
304	1.486400e-02	-1.51603e-01	1.788104e+00	
305	1.491400e-02	-1.80530e-01	1.788105e+00	
306	1.496400e-02	-2.05964e-01	1.788106e+00	
307	1.501400e-02	-2.27399e-01	1.788106e+00	
308	1.506400e-02	-2.44412e-01	1.788106e+00	
309	1.511400e-02	-2.56664e-01	1.788107e+00	
310	1.516400e-02	-2.63917e-01	1.788107e+00	
311	1.521400e-02	-2.66032e-01	1.788107e+00	
312	1.526400e-02	-2.62970e-01	1.788107e+00	
313	1.531400e-02	-2.54800e-01	1.788106e+00	
314	1.536400e-02	-2.41688e-01	1.788106e+00	
315	1.541400e-02	-2.23900e-01	1.788105e+00	
316	1.546400e-02	-2.01795e-01	1.788105e+00	
317	1.551400e-02	-1.75818e-01	1.788104e+00	
318	1.556400e-02	-1.46489e-01	1.788103e+00	
319	1.561400e-02	-1.14394e-01	1.788102e+00	
320	1.566400e-02	-8.01742e-02	1.788101e+00	
321	1.571400e-02	-4.45098e-02	1.788100e+00	
322	1.576400e-02	-8.10728e-03	1.788099e+00	
323	1.581400e-02	2.831717e-02	1.788098e+00	
324	1.586400e-02	6.405348e-02	1.788097e+00	
325	1.591400e-02	9.841403e-02	1.788096e+00	
326	1.596400e-02	1.307498e-01	1.788095e+00	
327	1.601400e-02	1.604655e-01	1.788094e+00	
328	1.606400e-02	1.870319e-01	1.788093e+00	
329	1.611400e-02	2.099953e-01	1.788092e+00	
330	1.616400e-02	2.289826e-01	1.788092e+00	
331	1.621400e-02	2.437016e-01	1.788092e+00	
332	1.626400e-02	2.539369e-01	1.788091e+00	
333	1.631400e-02	2.595432e-01	1.788091e+00	
334	1.636400e-02	2.604336e-01	1.788091e+00	
335	1.641400e-02	2.566020e-01	1.788091e+00	
336	1.646400e-02	2.480699e-01	1.788092e+00	
337	1.651400e-02	2.349461e-01	1.788092e+00	
338	1.656400e-02	2.174064e-01	1.788093e+00	
339	1.661400e-02	1.957088e-01	1.788093e+00	
340	1.666400e-02	1.701984e-01	1.788094e+00	
341	1.671400e-02	1.413094e-01	1.788095e+00	
342	1.676400e-02	1.095597e-01	1.788096e+00	
343	1.681400e-02	7.554229e-02	1.788097e+00	
344	1.686400e-02	3.991068e-02	1.788098e+00	

Index   time            v(vca_out)      v(env)          
--------------------------------------------------------------------------------
345	1.691400e-02	3.363066e-03	1.788099e+00	
346	1.696400e-02	-3.33755e-02	1.788100e+00	
347	1.701400e-02	-6.95711e-02	1.788101e+00	
348	1.706400e-02	-1.04498e-01	1.788102e+00	
349	1.711400e-02	-1.37455e-01	1.788103e+00	
350	1.716400e-02	-1.67781e-01	1.788104e+00	
351	1.721400e-02	-1.94870e-01	1.788105e+00	
352	1.726400e-02	-2.18180e-01	1.788105e+00	
353	1.731400e-02	-2.37251e-01	1.788106e+00	
354	1.736400e-02	-2.51702e-01	1.788106e+00	
355	1.741400e-02	-2.61251e-01	1.788106e+00	
356	1.746400e-02	-2.65712e-01	1.788106e+00	
357	1.751400e-02	-2.65001e-01	1.788106e+00	
358	1.756400e-02	-2.59139e-01	1.788106e+00	
359	1.761400e-02	-2.48245e-01	1.788106e+00	
360	1.766400e-02	-2.32544e-01	1.788105e+00	
361	1.771400e-02	-2.12351e-01	1.788104e+00	
362	1.776400e-02	-1.88074e-01	1.788104e+00	
363	1.781400e-02	-1.60200e-01	1.788103e+00	
364	1.786400e-02	-1.29286e-01	1.788102e+00	
365	1.791400e-02	-9.59494e-02	1.788101e+00	
366	1.796400e-02	-6.08553e-02	1.788100e+00	
367	1.801400e-02	-2.46997e-02	1.788099e+00	
368	1.806400e-02	1.180356e-02	1.788098e+00	
369	1.811400e-02	4.793962e-02	1.788097e+00	
370	1.816400e-02	8.300865e-02	1.788096e+00	
371	1.821400e-02	1.163421e-01	1.788095e+00	
372	1.826400e-02	1.473186e-01	1.788094e+00	
373	1.831400e-02	1.753774e-01	1.788093e+00	
374	1.836400e-02	2.000297e-01	1.788092e+00	
375	1.841400e-02	2.208653e-01	1.788092e+00	
376	1.846400e-02	2.375557e-01	1.788091e+00	
377	1.851400e-02	2.498511e-01	1.788091e+00	
378	1.856400e-02	2.575752e-01	1.788091e+00	
379	1.861400e-02	2.606134e-01	1.788091e+00	
380	1.866400e-02	2.589317e-01	1.788091e+00	
381	1.871400e-02	2.525250e-01	1.788091e+00	
382	1.876400e-02	2.414712e-01	1.788092e+00	
383	1.881400e-02	2.259118e-01	1.788092e+00	
384	1.886400e-02	2.060667e-01	1.788093e+00	
385	1.891400e-02	1.822409e-01	1.788094e+00	
386	1.896400e-02	1.548283e-01	1.788094e+00	
387	1.901400e-02	1.243096e-01	1.788095e+00	
388	1.906400e-02	9.124528e-02	1.788096e+00	
389	1.911400e-02	5.626311e-02	1.788097e+00	
390	1.916400e-02	2.004317e-02	1.788098e+00	
391	1.921400e-02	-1.66995e-02	1.788100e+00	
392	1.926400e-02	-5.32328e-02	1.788101e+00	
393	1.931400e-02	-8.88250e-02	1.788102e+00	
394	1.936400e-02	-1.22762e-01	1.788103e+00	
395	1.941400e-02	-1.54363e-01	1.788103e+00	
396	1.946400e-02	-1.82994e-01	1.788104e+00	
397	1.951400e-02	-2.08085e-01	1.788105e+00	
398	1.956400e-02	-2.29134e-01	1.788105e+00	
399	1.961400e-02	-2.45727e-01	1.788106e+00	
400	1.966400e-02	-2.57533e-01	1.788106e+00	
401	1.971400e-02	-2.64323e-01	1.788106e+00	
402	1.976400e-02	-2.65967e-01	1.788106e+00	

Index   time            v(vca_out)      v(env)          
--------------------------------------------------------------------------------
403	1.981400e-02	-2.62437e-01	1.788106e+00	
404	1.986400e-02	-2.53809e-01	1.788106e+00	
405	1.991400e-02	-2.40259e-01	1.788105e+00	
406	1.995700e-02	-2.24873e-01	1.788105e+00	
407	2.000000e-02	-2.06278e-01	1.788104e+00	
VCA_DONE
ngspice-47 done
