
Note: No compatibility mode selected!


Circuit: * voz-9 — 07_lfo.cir

Doing analysis at TEMP = 27.000000 and TNOM = 27.000000

Using SPARSE 1.3 as Direct Linear Solver
Operating point simulation skipped by 'uic',
  now using transient initial conditions.
Warning: singular matrix:  check node j1_6

Warning: singular matrix:  check node j1_6

Warning: singular matrix:  check node j1_6

Warning: singular matrix:  check node j1_6

Warning: singular matrix:  check node j1_6

Warning: singular matrix:  check node j1_6


No. of Data Rows : 0
doAnalyses: TRAN:  Timestep too small; initial timepoint: trouble with j5457-instance jl


tran simulation(s) aborted
Warning from checkvalid: vector lfo_out is not available or has zero length.
Error: scale vector time, frequency or dc has no data.
t1                  =  0.00000e+00
Error: scale vector time, frequency or dc has no data.
t2                  =  0.00000e+00
LFO_DONE
ngspice-47 done
