
Note: No compatibility mode selected!


Circuit: * voz-9 — 08b_nab.cir

Doing analysis at TEMP = 27.000000 and TNOM = 27.000000

Using SPARSE 1.3 as Direct Linear Solver
Note: vin2: has no value, DC 0 assumed
Note: vin: has no value, DC 0 assumed

No. of Data Rows : 185
NAB_GRAVA_dB
                            * voz-9 — 08b_nab.cir
                            AC Analysis  Sun Sep 13 13:18:13  2026
--------------------------------------------------------------------------------
Index   frequency       db(v(out_a)/v(i 
--------------------------------------------------------------------------------
0	1.000000e+01	-1.38428e+01	
1	1.047377e+01	-1.34574e+01	
2	1.096999e+01	-1.30736e+01	
3	1.148972e+01	-1.26914e+01	
4	1.203407e+01	-1.23111e+01	
5	1.260421e+01	-1.19327e+01	
6	1.320136e+01	-1.15565e+01	
7	1.382680e+01	-1.11827e+01	
8	1.448187e+01	-1.08113e+01	
9	1.516798e+01	-1.04427e+01	
10	1.588660e+01	-1.00770e+01	
11	1.663926e+01	-9.71455e+00	
12	1.742758e+01	-9.35550e+00	
13	1.825325e+01	-9.00013e+00	
14	1.911804e+01	-8.64873e+00	
15	2.002380e+01	-8.30156e+00	
16	2.097247e+01	-7.95894e+00	
17	2.196609e+01	-7.62116e+00	
18	2.300678e+01	-7.28853e+00	
19	2.409677e+01	-6.96139e+00	
20	2.523841e+01	-6.64005e+00	
21	2.643413e+01	-6.32486e+00	
22	2.768651e+01	-6.01613e+00	
23	2.899821e+01	-5.71421e+00	
24	3.037207e+01	-5.41940e+00	
25	3.181101e+01	-5.13204e+00	
26	3.331812e+01	-4.85241e+00	
27	3.489664e+01	-4.58080e+00	
28	3.654995e+01	-4.31749e+00	
29	3.828158e+01	-4.06270e+00	
30	4.009525e+01	-3.81666e+00	
31	4.199485e+01	-3.57955e+00	
32	4.398445e+01	-3.35152e+00	
33	4.606830e+01	-3.13268e+00	
34	4.825089e+01	-2.92310e+00	
35	5.053688e+01	-2.72284e+00	
36	5.293117e+01	-2.53188e+00	
37	5.543890e+01	-2.35018e+00	
38	5.806544e+01	-2.17767e+00	
39	6.081642e+01	-2.01422e+00	
40	6.369772e+01	-1.85969e+00	
41	6.671554e+01	-1.71387e+00	
42	6.987633e+01	-1.57657e+00	
43	7.318688e+01	-1.44753e+00	
44	7.665426e+01	-1.32649e+00	
45	8.028592e+01	-1.21317e+00	
46	8.408964e+01	-1.10725e+00	
47	8.807357e+01	-1.00844e+00	
48	9.224625e+01	-9.16403e-01	
49	9.661661e+01	-8.30816e-01	
50	1.011940e+02	-7.51351e-01	
51	1.059883e+02	-6.77682e-01	
52	1.110097e+02	-6.09484e-01	
53	1.162691e+02	-5.46442e-01	
54	1.217776e+02	-4.88246e-01	

Index   frequency       db(v(out_a)/v(i 
--------------------------------------------------------------------------------
55	1.275470e+02	-4.34596e-01	
56	1.335899e+02	-3.85204e-01	
57	1.399190e+02	-3.39794e-01	
58	1.465479e+02	-2.98103e-01	
59	1.534909e+02	-2.59879e-01	
60	1.607629e+02	-2.24888e-01	
61	1.683794e+02	-1.92907e-01	
62	1.763567e+02	-1.63728e-01	
63	1.847120e+02	-1.37156e-01	
64	1.934632e+02	-1.13012e-01	
65	2.026289e+02	-9.11271e-02	
66	2.122289e+02	-7.13480e-02	
67	2.222837e+02	-5.35334e-02	
68	2.328148e+02	-3.75542e-02	
69	2.438449e+02	-2.32931e-02	
70	2.553976e+02	-1.06446e-02	
71	2.674976e+02	4.861289e-04	
72	2.801709e+02	1.018304e-02	
73	2.934446e+02	1.851989e-02	
74	3.073472e+02	2.556047e-02	
75	3.219084e+02	3.135896e-02	
76	3.371595e+02	3.596019e-02	
77	3.531332e+02	3.939986e-02	
78	3.698636e+02	4.170474e-02	
79	3.873867e+02	4.289279e-02	
80	4.057400e+02	4.297330e-02	
81	4.249628e+02	4.194689e-02	
82	4.450963e+02	3.980555e-02	
83	4.661837e+02	3.653259e-02	
84	4.882702e+02	3.210252e-02	
85	5.114031e+02	2.648097e-02	
86	5.356319e+02	1.962445e-02	
87	5.610086e+02	1.148017e-02	
88	5.875876e+02	1.985742e-03	
89	6.154258e+02	-8.93110e-03	
90	6.445829e+02	-2.13528e-02	
91	6.751214e+02	-3.53726e-02	
92	7.071068e+02	-5.10944e-02	
93	7.406075e+02	-6.86338e-02	
94	7.756954e+02	-8.81179e-02	
95	8.124456e+02	-1.09686e-01	
96	8.509370e+02	-1.33492e-01	
97	8.912519e+02	-1.59698e-01	
98	9.334769e+02	-1.88486e-01	
99	9.777024e+02	-2.20045e-01	
100	1.024023e+03	-2.54584e-01	
101	1.072538e+03	-2.92322e-01	
102	1.123352e+03	-3.33492e-01	
103	1.176574e+03	-3.78344e-01	
104	1.232316e+03	-4.27138e-01	
105	1.290700e+03	-4.80149e-01	
106	1.351850e+03	-5.37664e-01	
107	1.415896e+03	-5.99981e-01	
108	1.482978e+03	-6.67407e-01	
109	1.553237e+03	-7.40258e-01	
110	1.626825e+03	-8.18857e-01	
111	1.703899e+03	-9.03530e-01	
112	1.784625e+03	-9.94607e-01	

Index   frequency       db(v(out_a)/v(i 
--------------------------------------------------------------------------------
113	1.869175e+03	-1.09241e+00	
114	1.957732e+03	-1.19727e+00	
115	2.050483e+03	-1.30950e+00	
116	2.147629e+03	-1.42939e+00	
117	2.249378e+03	-1.55725e+00	
118	2.355947e+03	-1.69333e+00	
119	2.467565e+03	-1.83789e+00	
120	2.584471e+03	-1.99114e+00	
121	2.706916e+03	-2.15328e+00	
122	2.835162e+03	-2.32446e+00	
123	2.969484e+03	-2.50481e+00	
124	3.110170e+03	-2.69441e+00	
125	3.257521e+03	-2.89332e+00	
126	3.411853e+03	-3.10154e+00	
127	3.573497e+03	-3.31903e+00	
128	3.742799e+03	-3.54573e+00	
129	3.920122e+03	-3.78152e+00	
130	4.105847e+03	-4.02627e+00	
131	4.300370e+03	-4.27979e+00	
132	4.504109e+03	-4.54188e+00	
133	4.717501e+03	-4.81229e+00	
134	4.941003e+03	-5.09077e+00	
135	5.175094e+03	-5.37702e+00	
136	5.420275e+03	-5.67076e+00	
137	5.677072e+03	-5.97167e+00	
138	5.946036e+03	-6.27942e+00	
139	6.227742e+03	-6.59370e+00	
140	6.522795e+03	-6.91416e+00	
141	6.831826e+03	-7.24047e+00	
142	7.155498e+03	-7.57232e+00	
143	7.494506e+03	-7.90937e+00	
144	7.849574e+03	-8.25130e+00	
145	8.221465e+03	-8.59782e+00	
146	8.610974e+03	-8.94863e+00	
147	9.018938e+03	-9.30343e+00	
148	9.446229e+03	-9.66196e+00	
149	9.893765e+03	-1.00240e+01	
150	1.036250e+04	-1.03892e+01	
151	1.085345e+04	-1.07574e+01	
152	1.136765e+04	-1.11283e+01	
153	1.190622e+04	-1.15018e+01	
154	1.247030e+04	-1.18777e+01	
155	1.306111e+04	-1.22558e+01	
156	1.367991e+04	-1.26358e+01	
157	1.432803e+04	-1.30177e+01	
158	1.500685e+04	-1.34013e+01	
159	1.571783e+04	-1.37865e+01	
160	1.646249e+04	-1.41731e+01	
161	1.724244e+04	-1.45611e+01	
162	1.805934e+04	-1.49502e+01	
163	1.891494e+04	-1.53404e+01	
164	1.981108e+04	-1.57317e+01	
165	2.074967e+04	-1.61239e+01	
166	2.173273e+04	-1.65169e+01	
167	2.276236e+04	-1.69108e+01	
168	2.384078e+04	-1.73053e+01	
169	2.497029e+04	-1.77005e+01	
170	2.615331e+04	-1.80963e+01	

Index   frequency       db(v(out_a)/v(i 
--------------------------------------------------------------------------------
171	2.739238e+04	-1.84926e+01	
172	2.869015e+04	-1.88895e+01	
173	3.004941e+04	-1.92868e+01	
174	3.147306e+04	-1.96845e+01	
175	3.296417e+04	-2.00826e+01	
176	3.452592e+04	-2.04810e+01	
177	3.616166e+04	-2.08798e+01	
178	3.787489e+04	-2.12788e+01	
179	3.966930e+04	-2.16781e+01	
180	4.154872e+04	-2.20777e+01	
181	4.351718e+04	-2.24775e+01	
182	4.557890e+04	-2.28774e+01	
183	4.773830e+04	-2.32776e+01	
184	5.000000e+04	-2.36779e+01	
NAB_LE_dB
                            * voz-9 — 08b_nab.cir
                            AC Analysis  Sun Sep 13 13:18:13  2026
--------------------------------------------------------------------------------
Index   frequency       db(v(out_b)/v(m 
--------------------------------------------------------------------------------
0	1.000000e+01	-2.09659e+01	
1	1.047377e+01	-2.06047e+01	
2	1.096999e+01	-2.02471e+01	
3	1.148972e+01	-1.98931e+01	
4	1.203407e+01	-1.95431e+01	
5	1.260421e+01	-1.91973e+01	
6	1.320136e+01	-1.88560e+01	
7	1.382680e+01	-1.85194e+01	
8	1.448187e+01	-1.81878e+01	
9	1.516798e+01	-1.78616e+01	
10	1.588660e+01	-1.75408e+01	
11	1.663926e+01	-1.72260e+01	
12	1.742758e+01	-1.69171e+01	
13	1.825325e+01	-1.66147e+01	
14	1.911804e+01	-1.63187e+01	
15	2.002380e+01	-1.60296e+01	
16	2.097247e+01	-1.57474e+01	
17	2.196609e+01	-1.54723e+01	
18	2.300678e+01	-1.52045e+01	
19	2.409677e+01	-1.49440e+01	
20	2.523841e+01	-1.46909e+01	
21	2.643413e+01	-1.44452e+01	
22	2.768651e+01	-1.42070e+01	
23	2.899821e+01	-1.39761e+01	
24	3.037207e+01	-1.37525e+01	
25	3.181101e+01	-1.35360e+01	
26	3.331812e+01	-1.33265e+01	
27	3.489664e+01	-1.31238e+01	
28	3.654995e+01	-1.29276e+01	
29	3.828158e+01	-1.27377e+01	
30	4.009525e+01	-1.25538e+01	
31	4.199485e+01	-1.23757e+01	
32	4.398445e+01	-1.22030e+01	
33	4.606830e+01	-1.20354e+01	
34	4.825089e+01	-1.18727e+01	
35	5.053688e+01	-1.17146e+01	
36	5.293117e+01	-1.15607e+01	
37	5.543890e+01	-1.14109e+01	
38	5.806544e+01	-1.12649e+01	
39	6.081642e+01	-1.11225e+01	
40	6.369772e+01	-1.09836e+01	
41	6.671554e+01	-1.08481e+01	
42	6.987633e+01	-1.07158e+01	
43	7.318688e+01	-1.05866e+01	
44	7.665426e+01	-1.04606e+01	
45	8.028592e+01	-1.03378e+01	
46	8.408964e+01	-1.02181e+01	
47	8.807357e+01	-1.01017e+01	
48	9.224625e+01	-9.98855e+00	
49	9.661661e+01	-9.87876e+00	
50	1.011940e+02	-9.77242e+00	
51	1.059883e+02	-9.66961e+00	
52	1.110097e+02	-9.57043e+00	
53	1.162691e+02	-9.47495e+00	
54	1.217776e+02	-9.38323e+00	

Index   frequency       db(v(out_b)/v(m 
--------------------------------------------------------------------------------
55	1.275470e+02	-9.29535e+00	
56	1.335899e+02	-9.21133e+00	
57	1.399190e+02	-9.13120e+00	
58	1.465479e+02	-9.05496e+00	
59	1.534909e+02	-8.98260e+00	
60	1.607629e+02	-8.91408e+00	
61	1.683794e+02	-8.84934e+00	
62	1.763567e+02	-8.78833e+00	
63	1.847120e+02	-8.73095e+00	
64	1.934632e+02	-8.67709e+00	
65	2.026289e+02	-8.62666e+00	
66	2.122289e+02	-8.57953e+00	
67	2.222837e+02	-8.53556e+00	
68	2.328148e+02	-8.49463e+00	
69	2.438449e+02	-8.45659e+00	
70	2.553976e+02	-8.42130e+00	
71	2.674976e+02	-8.38863e+00	
72	2.801709e+02	-8.35842e+00	
73	2.934446e+02	-8.33055e+00	
74	3.073472e+02	-8.30487e+00	
75	3.219084e+02	-8.28126e+00	
76	3.371595e+02	-8.25959e+00	
77	3.531332e+02	-8.23973e+00	
78	3.698636e+02	-8.22158e+00	
79	3.873867e+02	-8.20503e+00	
80	4.057400e+02	-8.18996e+00	
81	4.249628e+02	-8.17630e+00	
82	4.450963e+02	-8.16394e+00	
83	4.661837e+02	-8.15281e+00	
84	4.882702e+02	-8.14284e+00	
85	5.114031e+02	-8.13394e+00	
86	5.356319e+02	-8.12607e+00	
87	5.610086e+02	-8.11917e+00	
88	5.875876e+02	-8.11319e+00	
89	6.154258e+02	-8.10808e+00	
90	6.445829e+02	-8.10381e+00	
91	6.751214e+02	-8.10034e+00	
92	7.071068e+02	-8.09766e+00	
93	7.406075e+02	-8.09574e+00	
94	7.756954e+02	-8.09457e+00	
95	8.124456e+02	-8.09414e+00	
96	8.509370e+02	-8.09444e+00	
97	8.912519e+02	-8.09550e+00	
98	9.334769e+02	-8.09730e+00	
99	9.777024e+02	-8.09987e+00	
100	1.024023e+03	-8.10323e+00	
101	1.072538e+03	-8.10740e+00	
102	1.123352e+03	-8.11243e+00	
103	1.176574e+03	-8.11834e+00	
104	1.232316e+03	-8.12519e+00	
105	1.290700e+03	-8.13304e+00	
106	1.351850e+03	-8.14194e+00	
107	1.415896e+03	-8.15196e+00	
108	1.482978e+03	-8.16318e+00	
109	1.553237e+03	-8.17569e+00	
110	1.626825e+03	-8.18959e+00	
111	1.703899e+03	-8.20498e+00	
112	1.784625e+03	-8.22196e+00	

Index   frequency       db(v(out_b)/v(m 
--------------------------------------------------------------------------------
113	1.869175e+03	-8.24068e+00	
114	1.957732e+03	-8.26127e+00	
115	2.050483e+03	-8.28388e+00	
116	2.147629e+03	-8.30866e+00	
117	2.249378e+03	-8.33578e+00	
118	2.355947e+03	-8.36545e+00	
119	2.467565e+03	-8.39785e+00	
120	2.584471e+03	-8.43319e+00	
121	2.706916e+03	-8.47171e+00	
122	2.835162e+03	-8.51363e+00	
123	2.969484e+03	-8.55923e+00	
124	3.110170e+03	-8.60875e+00	
125	3.257521e+03	-8.66248e+00	
126	3.411853e+03	-8.72071e+00	
127	3.573497e+03	-8.78375e+00	
128	3.742799e+03	-8.85189e+00	
129	3.920122e+03	-8.92547e+00	
130	4.105847e+03	-9.00481e+00	
131	4.300370e+03	-9.09023e+00	
132	4.504109e+03	-9.18206e+00	
133	4.717501e+03	-9.28064e+00	
134	4.941003e+03	-9.38628e+00	
135	5.175094e+03	-9.49930e+00	
136	5.420275e+03	-9.62001e+00	
137	5.677072e+03	-9.74869e+00	
138	5.946036e+03	-9.88562e+00	
139	6.227742e+03	-1.00310e+01	
140	6.522795e+03	-1.01851e+01	
141	6.831826e+03	-1.03481e+01	
142	7.155498e+03	-1.05202e+01	
143	7.494506e+03	-1.07014e+01	
144	7.849574e+03	-1.08919e+01	
145	8.221465e+03	-1.10917e+01	
146	8.610974e+03	-1.13008e+01	
147	9.018938e+03	-1.15191e+01	
148	9.446229e+03	-1.17467e+01	
149	9.893765e+03	-1.19833e+01	
150	1.036250e+04	-1.22289e+01	
151	1.085345e+04	-1.24832e+01	
152	1.136765e+04	-1.27461e+01	
153	1.190622e+04	-1.30172e+01	
154	1.247030e+04	-1.32964e+01	
155	1.306111e+04	-1.35834e+01	
156	1.367991e+04	-1.38778e+01	
157	1.432803e+04	-1.41793e+01	
158	1.500685e+04	-1.44877e+01	
159	1.571783e+04	-1.48025e+01	
160	1.646249e+04	-1.51235e+01	
161	1.724244e+04	-1.54504e+01	
162	1.805934e+04	-1.57827e+01	
163	1.891494e+04	-1.61202e+01	
164	1.981108e+04	-1.64626e+01	
165	2.074967e+04	-1.68095e+01	
166	2.173273e+04	-1.71607e+01	
167	2.276236e+04	-1.75158e+01	
168	2.384078e+04	-1.78747e+01	
169	2.497029e+04	-1.82370e+01	
170	2.615331e+04	-1.86024e+01	

Index   frequency       db(v(out_b)/v(m 
--------------------------------------------------------------------------------
171	2.739238e+04	-1.89709e+01	
172	2.869015e+04	-1.93421e+01	
173	3.004941e+04	-1.97158e+01	
174	3.147306e+04	-2.00919e+01	
175	3.296417e+04	-2.04702e+01	
176	3.452592e+04	-2.08504e+01	
177	3.616166e+04	-2.12325e+01	
178	3.787489e+04	-2.16162e+01	
179	3.966930e+04	-2.20015e+01	
180	4.154872e+04	-2.23882e+01	
181	4.351718e+04	-2.27763e+01	
182	4.557890e+04	-2.31655e+01	
183	4.773830e+04	-2.35559e+01	
184	5.000000e+04	-2.39472e+01	
NAB_DONE
ngspice-47 done
